###############################################################################
#
# IAR ELF Linker V9.30.1.335/W64 for ARM                  03/Feb/2023  16:03:18
# Copyright 2007-2022 IAR Systems AB.
#
#    Output file  =
#        C:\Users\hskang2\Downloads\en.stm32cubewb-1-15-0\STM32Cube_FW_WB_V1.15.0\Projects\P-NUCLEO-WB55.Nucleo\Applications\BLE\BLE_Ota\EWARM\BLE_Ota\Exe\BLE_Ota.out
#    Map file     =
#        C:\Users\hskang2\Downloads\en.stm32cubewb-1-15-0\STM32Cube_FW_WB_V1.15.0\Projects\P-NUCLEO-WB55.Nucleo\Applications\BLE\BLE_Ota\EWARM\BLE_Ota\List\BLE_Ota.map
#    Command line =
#        -f
#        C:\Users\hskang2\Downloads\en.stm32cubewb-1-15-0\STM32Cube_FW_WB_V1.15.0\Projects\P-NUCLEO-WB55.Nucleo\Applications\BLE\BLE_Ota\EWARM\BLE_Ota\Exe\BLE_Ota.out.rsp
#        (C:\Users\hskang2\Downloads\en.stm32cubewb-1-15-0\STM32Cube_FW_WB_V1.15.0\Projects\P-NUCLEO-WB55.Nucleo\Applications\BLE\BLE_Ota\EWARM\BLE_Ota\Obj\Application\STM32_WPAN\app\app_ble.o
#        C:\Users\hskang2\Downloads\en.stm32cubewb-1-15-0\STM32Cube_FW_WB_V1.15.0\Projects\P-NUCLEO-WB55.Nucleo\Applications\BLE\BLE_Ota\EWARM\BLE_Ota\Obj\Application\Core\app_debug.o
#        C:\Users\hskang2\Downloads\en.stm32cubewb-1-15-0\STM32Cube_FW_WB_V1.15.0\Projects\P-NUCLEO-WB55.Nucleo\Applications\BLE\BLE_Ota\EWARM\BLE_Ota\Obj\Application\Core\app_entry.o
#        C:\Users\hskang2\Downloads\en.stm32cubewb-1-15-0\STM32Cube_FW_WB_V1.15.0\Projects\P-NUCLEO-WB55.Nucleo\Applications\BLE\BLE_Ota\EWARM\BLE_Ota\Obj\Middlewares\STM32_WPAN\ble\core\ble_gap_aci.o
#        C:\Users\hskang2\Downloads\en.stm32cubewb-1-15-0\STM32Cube_FW_WB_V1.15.0\Projects\P-NUCLEO-WB55.Nucleo\Applications\BLE\BLE_Ota\EWARM\BLE_Ota\Obj\Middlewares\STM32_WPAN\ble\core\ble_gatt_aci.o
#        C:\Users\hskang2\Downloads\en.stm32cubewb-1-15-0\STM32Cube_FW_WB_V1.15.0\Projects\P-NUCLEO-WB55.Nucleo\Applications\BLE\BLE_Ota\EWARM\BLE_Ota\Obj\Middlewares\STM32_WPAN\ble\core\ble_hal_aci.o
#        C:\Users\hskang2\Downloads\en.stm32cubewb-1-15-0\STM32Cube_FW_WB_V1.15.0\Projects\P-NUCLEO-WB55.Nucleo\Applications\BLE\BLE_Ota\EWARM\BLE_Ota\Obj\Middlewares\STM32_WPAN\ble\core\ble_hci_le.o
#        C:\Users\hskang2\Downloads\en.stm32cubewb-1-15-0\STM32Cube_FW_WB_V1.15.0\Projects\P-NUCLEO-WB55.Nucleo\Applications\BLE\BLE_Ota\EWARM\BLE_Ota\Obj\Middlewares\STM32_WPAN\ble\core\ble_l2cap_aci.o
#        C:\Users\hskang2\Downloads\en.stm32cubewb-1-15-0\STM32Cube_FW_WB_V1.15.0\Projects\P-NUCLEO-WB55.Nucleo\Applications\BLE\BLE_Ota\EWARM\BLE_Ota\Obj\Middlewares\STM32_WPAN\utilities\dbg_trace.o
#        C:\Users\hskang2\Downloads\en.stm32cubewb-1-15-0\STM32Cube_FW_WB_V1.15.0\Projects\P-NUCLEO-WB55.Nucleo\Applications\BLE\BLE_Ota\EWARM\BLE_Ota\Obj\Application\Core\flash_driver.o
#        C:\Users\hskang2\Downloads\en.stm32cubewb-1-15-0\STM32Cube_FW_WB_V1.15.0\Projects\P-NUCLEO-WB55.Nucleo\Applications\BLE\BLE_Ota\EWARM\BLE_Ota\Obj\Middlewares\STM32_WPAN\interface\patterns\ble_thread\tl\hci_tl.o
#        C:\Users\hskang2\Downloads\en.stm32cubewb-1-15-0\STM32Cube_FW_WB_V1.15.0\Projects\P-NUCLEO-WB55.Nucleo\Applications\BLE\BLE_Ota\EWARM\BLE_Ota\Obj\Middlewares\STM32_WPAN\interface\patterns\ble_thread\tl\hci_tl_if.o
#        C:\Users\hskang2\Downloads\en.stm32cubewb-1-15-0\STM32Cube_FW_WB_V1.15.0\Projects\P-NUCLEO-WB55.Nucleo\Applications\BLE\BLE_Ota\EWARM\BLE_Ota\Obj\Application\STM32_WPAN\target\hw_ipcc.o
#        C:\Users\hskang2\Downloads\en.stm32cubewb-1-15-0\STM32Cube_FW_WB_V1.15.0\Projects\P-NUCLEO-WB55.Nucleo\Applications\BLE\BLE_Ota\EWARM\BLE_Ota\Obj\Application\Core\hw_timerserver.o
#        C:\Users\hskang2\Downloads\en.stm32cubewb-1-15-0\STM32Cube_FW_WB_V1.15.0\Projects\P-NUCLEO-WB55.Nucleo\Applications\BLE\BLE_Ota\EWARM\BLE_Ota\Obj\Application\Core\hw_uart.o
#        C:\Users\hskang2\Downloads\en.stm32cubewb-1-15-0\STM32Cube_FW_WB_V1.15.0\Projects\P-NUCLEO-WB55.Nucleo\Applications\BLE\BLE_Ota\EWARM\BLE_Ota\Obj\Application\Core\main.o
#        C:\Users\hskang2\Downloads\en.stm32cubewb-1-15-0\STM32Cube_FW_WB_V1.15.0\Projects\P-NUCLEO-WB55.Nucleo\Applications\BLE\BLE_Ota\EWARM\BLE_Ota\Obj\Middlewares\STM32_WPAN\ble\core\osal.o
#        C:\Users\hskang2\Downloads\en.stm32cubewb-1-15-0\STM32Cube_FW_WB_V1.15.0\Projects\P-NUCLEO-WB55.Nucleo\Applications\BLE\BLE_Ota\EWARM\BLE_Ota\Obj\Application\STM32_WPAN\app\otas_app.o
#        C:\Users\hskang2\Downloads\en.stm32cubewb-1-15-0\STM32Cube_FW_WB_V1.15.0\Projects\P-NUCLEO-WB55.Nucleo\Applications\BLE\BLE_Ota\EWARM\BLE_Ota\Obj\Middlewares\STM32_WPAN\ble\blesvc\otas_stm.o
#        C:\Users\hskang2\Downloads\en.stm32cubewb-1-15-0\STM32Cube_FW_WB_V1.15.0\Projects\P-NUCLEO-WB55.Nucleo\Applications\BLE\BLE_Ota\EWARM\BLE_Ota\Obj\Middlewares\STM32_WPAN\utilities\otp.o
#        C:\Users\hskang2\Downloads\en.stm32cubewb-1-15-0\STM32Cube_FW_WB_V1.15.0\Projects\P-NUCLEO-WB55.Nucleo\Applications\BLE\BLE_Ota\EWARM\BLE_Ota\Obj\Middlewares\STM32_WPAN\interface\patterns\ble_thread\shci\shci.o
#        C:\Users\hskang2\Downloads\en.stm32cubewb-1-15-0\STM32Cube_FW_WB_V1.15.0\Projects\P-NUCLEO-WB55.Nucleo\Applications\BLE\BLE_Ota\EWARM\BLE_Ota\Obj\Middlewares\STM32_WPAN\interface\patterns\ble_thread\tl\shci_tl.o
#        C:\Users\hskang2\Downloads\en.stm32cubewb-1-15-0\STM32Cube_FW_WB_V1.15.0\Projects\P-NUCLEO-WB55.Nucleo\Applications\BLE\BLE_Ota\EWARM\BLE_Ota\Obj\Middlewares\STM32_WPAN\interface\patterns\ble_thread\tl\shci_tl_if.o
#        C:\Users\hskang2\Downloads\en.stm32cubewb-1-15-0\STM32Cube_FW_WB_V1.15.0\Projects\P-NUCLEO-WB55.Nucleo\Applications\BLE\BLE_Ota\EWARM\BLE_Ota\Obj\Application\EWARM\startup_stm32wb55xx_cm4.o
#        C:\Users\hskang2\Downloads\en.stm32cubewb-1-15-0\STM32Cube_FW_WB_V1.15.0\Projects\P-NUCLEO-WB55.Nucleo\Applications\BLE\BLE_Ota\EWARM\BLE_Ota\Obj\Utilities\stm32_lpm.o
#        C:\Users\hskang2\Downloads\en.stm32cubewb-1-15-0\STM32Cube_FW_WB_V1.15.0\Projects\P-NUCLEO-WB55.Nucleo\Applications\BLE\BLE_Ota\EWARM\BLE_Ota\Obj\Application\Core\stm32_lpm_if.o
#        C:\Users\hskang2\Downloads\en.stm32cubewb-1-15-0\STM32Cube_FW_WB_V1.15.0\Projects\P-NUCLEO-WB55.Nucleo\Applications\BLE\BLE_Ota\EWARM\BLE_Ota\Obj\Utilities\stm32_seq.o
#        C:\Users\hskang2\Downloads\en.stm32cubewb-1-15-0\STM32Cube_FW_WB_V1.15.0\Projects\P-NUCLEO-WB55.Nucleo\Applications\BLE\BLE_Ota\EWARM\BLE_Ota\Obj\Drivers\STM32WBxx_HAL_Driver\stm32wbxx_hal.o
#        C:\Users\hskang2\Downloads\en.stm32cubewb-1-15-0\STM32Cube_FW_WB_V1.15.0\Projects\P-NUCLEO-WB55.Nucleo\Applications\BLE\BLE_Ota\EWARM\BLE_Ota\Obj\Drivers\STM32WBxx_HAL_Driver\stm32wbxx_hal_adc.o
#        C:\Users\hskang2\Downloads\en.stm32cubewb-1-15-0\STM32Cube_FW_WB_V1.15.0\Projects\P-NUCLEO-WB55.Nucleo\Applications\BLE\BLE_Ota\EWARM\BLE_Ota\Obj\Drivers\STM32WBxx_HAL_Driver\stm32wbxx_hal_adc_ex.o
#        C:\Users\hskang2\Downloads\en.stm32cubewb-1-15-0\STM32Cube_FW_WB_V1.15.0\Projects\P-NUCLEO-WB55.Nucleo\Applications\BLE\BLE_Ota\EWARM\BLE_Ota\Obj\Drivers\STM32WBxx_HAL_Driver\stm32wbxx_hal_cortex.o
#        C:\Users\hskang2\Downloads\en.stm32cubewb-1-15-0\STM32Cube_FW_WB_V1.15.0\Projects\P-NUCLEO-WB55.Nucleo\Applications\BLE\BLE_Ota\EWARM\BLE_Ota\Obj\Drivers\STM32WBxx_HAL_Driver\stm32wbxx_hal_dma.o
#        C:\Users\hskang2\Downloads\en.stm32cubewb-1-15-0\STM32Cube_FW_WB_V1.15.0\Projects\P-NUCLEO-WB55.Nucleo\Applications\BLE\BLE_Ota\EWARM\BLE_Ota\Obj\Drivers\STM32WBxx_HAL_Driver\stm32wbxx_hal_flash.o
#        C:\Users\hskang2\Downloads\en.stm32cubewb-1-15-0\STM32Cube_FW_WB_V1.15.0\Projects\P-NUCLEO-WB55.Nucleo\Applications\BLE\BLE_Ota\EWARM\BLE_Ota\Obj\Drivers\STM32WBxx_HAL_Driver\stm32wbxx_hal_flash_ex.o
#        C:\Users\hskang2\Downloads\en.stm32cubewb-1-15-0\STM32Cube_FW_WB_V1.15.0\Projects\P-NUCLEO-WB55.Nucleo\Applications\BLE\BLE_Ota\EWARM\BLE_Ota\Obj\Drivers\STM32WBxx_HAL_Driver\stm32wbxx_hal_gpio.o
#        C:\Users\hskang2\Downloads\en.stm32cubewb-1-15-0\STM32Cube_FW_WB_V1.15.0\Projects\P-NUCLEO-WB55.Nucleo\Applications\BLE\BLE_Ota\EWARM\BLE_Ota\Obj\Drivers\STM32WBxx_HAL_Driver\stm32wbxx_hal_pwr.o
#        C:\Users\hskang2\Downloads\en.stm32cubewb-1-15-0\STM32Cube_FW_WB_V1.15.0\Projects\P-NUCLEO-WB55.Nucleo\Applications\BLE\BLE_Ota\EWARM\BLE_Ota\Obj\Drivers\STM32WBxx_HAL_Driver\stm32wbxx_hal_pwr_ex.o
#        C:\Users\hskang2\Downloads\en.stm32cubewb-1-15-0\STM32Cube_FW_WB_V1.15.0\Projects\P-NUCLEO-WB55.Nucleo\Applications\BLE\BLE_Ota\EWARM\BLE_Ota\Obj\Drivers\STM32WBxx_HAL_Driver\stm32wbxx_hal_rcc.o
#        C:\Users\hskang2\Downloads\en.stm32cubewb-1-15-0\STM32Cube_FW_WB_V1.15.0\Projects\P-NUCLEO-WB55.Nucleo\Applications\BLE\BLE_Ota\EWARM\BLE_Ota\Obj\Drivers\STM32WBxx_HAL_Driver\stm32wbxx_hal_rcc_ex.o
#        C:\Users\hskang2\Downloads\en.stm32cubewb-1-15-0\STM32Cube_FW_WB_V1.15.0\Projects\P-NUCLEO-WB55.Nucleo\Applications\BLE\BLE_Ota\EWARM\BLE_Ota\Obj\Drivers\STM32WBxx_HAL_Driver\stm32wbxx_hal_rtc.o
#        C:\Users\hskang2\Downloads\en.stm32cubewb-1-15-0\STM32Cube_FW_WB_V1.15.0\Projects\P-NUCLEO-WB55.Nucleo\Applications\BLE\BLE_Ota\EWARM\BLE_Ota\Obj\Drivers\STM32WBxx_HAL_Driver\stm32wbxx_hal_rtc_ex.o
#        C:\Users\hskang2\Downloads\en.stm32cubewb-1-15-0\STM32Cube_FW_WB_V1.15.0\Projects\P-NUCLEO-WB55.Nucleo\Applications\BLE\BLE_Ota\EWARM\BLE_Ota\Obj\Drivers\STM32WBxx_HAL_Driver\stm32wbxx_hal_spi.o
#        C:\Users\hskang2\Downloads\en.stm32cubewb-1-15-0\STM32Cube_FW_WB_V1.15.0\Projects\P-NUCLEO-WB55.Nucleo\Applications\BLE\BLE_Ota\EWARM\BLE_Ota\Obj\Drivers\STM32WBxx_HAL_Driver\stm32wbxx_hal_spi_ex.o
#        C:\Users\hskang2\Downloads\en.stm32cubewb-1-15-0\STM32Cube_FW_WB_V1.15.0\Projects\P-NUCLEO-WB55.Nucleo\Applications\BLE\BLE_Ota\EWARM\BLE_Ota\Obj\Drivers\STM32WBxx_HAL_Driver\stm32wbxx_hal_uart.o
#        C:\Users\hskang2\Downloads\en.stm32cubewb-1-15-0\STM32Cube_FW_WB_V1.15.0\Projects\P-NUCLEO-WB55.Nucleo\Applications\BLE\BLE_Ota\EWARM\BLE_Ota\Obj\Drivers\STM32WBxx_HAL_Driver\stm32wbxx_hal_uart_ex.o
#        C:\Users\hskang2\Downloads\en.stm32cubewb-1-15-0\STM32Cube_FW_WB_V1.15.0\Projects\P-NUCLEO-WB55.Nucleo\Applications\BLE\BLE_Ota\EWARM\BLE_Ota\Obj\Application\Core\stm32wbxx_it.o
#        C:\Users\hskang2\Downloads\en.stm32cubewb-1-15-0\STM32Cube_FW_WB_V1.15.0\Projects\P-NUCLEO-WB55.Nucleo\Applications\BLE\BLE_Ota\EWARM\BLE_Ota\Obj\Drivers\BSP\P-NUCLEO-WB55.Nucleo\stm32wbxx_nucleo.o
#        C:\Users\hskang2\Downloads\en.stm32cubewb-1-15-0\STM32Cube_FW_WB_V1.15.0\Projects\P-NUCLEO-WB55.Nucleo\Applications\BLE\BLE_Ota\EWARM\BLE_Ota\Obj\Middlewares\STM32_WPAN\utilities\stm_list.o
#        C:\Users\hskang2\Downloads\en.stm32cubewb-1-15-0\STM32Cube_FW_WB_V1.15.0\Projects\P-NUCLEO-WB55.Nucleo\Applications\BLE\BLE_Ota\EWARM\BLE_Ota\Obj\Middlewares\STM32_WPAN\utilities\stm_queue.o
#        C:\Users\hskang2\Downloads\en.stm32cubewb-1-15-0\STM32Cube_FW_WB_V1.15.0\Projects\P-NUCLEO-WB55.Nucleo\Applications\BLE\BLE_Ota\EWARM\BLE_Ota\Obj\Middlewares\STM32_WPAN\ble\blesvc\svc_ctl.o
#        C:\Users\hskang2\Downloads\en.stm32cubewb-1-15-0\STM32Cube_FW_WB_V1.15.0\Projects\P-NUCLEO-WB55.Nucleo\Applications\BLE\BLE_Ota\EWARM\BLE_Ota\Obj\Drivers\CMSIS\system_stm32wbxx.o
#        C:\Users\hskang2\Downloads\en.stm32cubewb-1-15-0\STM32Cube_FW_WB_V1.15.0\Projects\P-NUCLEO-WB55.Nucleo\Applications\BLE\BLE_Ota\EWARM\BLE_Ota\Obj\Middlewares\STM32_WPAN\interface\patterns\ble_thread\tl\tl_mbox.o
#        --no_out_extension -o
#        C:\Users\hskang2\Downloads\en.stm32cubewb-1-15-0\STM32Cube_FW_WB_V1.15.0\Projects\P-NUCLEO-WB55.Nucleo\Applications\BLE\BLE_Ota\EWARM\BLE_Ota\Exe\BLE_Ota.out
#        --map
#        C:\Users\hskang2\Downloads\en.stm32cubewb-1-15-0\STM32Cube_FW_WB_V1.15.0\Projects\P-NUCLEO-WB55.Nucleo\Applications\BLE\BLE_Ota\EWARM\BLE_Ota\List\BLE_Ota.map
#        --config
#        C:\Users\hskang2\Downloads\en.stm32cubewb-1-15-0\STM32Cube_FW_WB_V1.15.0\Projects\P-NUCLEO-WB55.Nucleo\Applications\BLE\BLE_Ota\EWARM\stm32wb55xx_flash_cm4.icf
#        --semihosting --entry __iar_program_start --inline --vfe --text_out
#        locale --cpu=Cortex-M4 --fpu=VFPv4_sp)
#
###############################################################################

*******************************************************************************
*** RUNTIME MODEL ATTRIBUTES
***

CppFlavor       = *
__CPP_Runtime   = 1
__SystemLibrary = DLib
__dlib_version  = 6


*******************************************************************************
*** HEAP SELECTION
***

The basic heap was selected because --advanced_heap
was not specified and the application did not appear to
be primarily optimized for speed.


*******************************************************************************
*** PLACEMENT SUMMARY
***

"A0":  place at address 0x800'0000 { ro section .intvec };
"A1":  place at address 0x2003'0000 { section MAPPING_TABLE };
"P1":  place in [from 0x800'0000 to 0x807'ffff] {
          ro, last section TAG_OTA_END };
define block CSTACK with size = 4K, alignment = 8 { };
define block HEAP with size = 1K, alignment = 8 { };
"P2":  place in [from 0x2000'0008 to 0x2002'ffff] { block CSTACK, block HEAP };
"P3":  place in [from 0x2003'0000 to 0x2003'27ff] { section MB_MEM1 };
"P4":  place in [from 0x2003'0000 to 0x2003'27ff] { section MB_MEM2 };
"P5":  place in [from 0x2000'0008 to 0x2002'ffff] |
                [from 0x2003'0000 to 0x2003'27ff] { rw };
do not initialize { section .noinit, section MAPPING_TABLE, section MB_MEM1 };
initialize by copy { rw };

No sections matched the following patterns:

  section TAG_OTA_END  in "P1"


  Section                Kind         Address    Size  Object
  -------                ----         -------    ----  ------
"A0":                                           0x13c
  .intvec                ro code   0x800'0000   0x13c  startup_stm32wb55xx_cm4.o [2]
                                 - 0x800'013c   0x13c

"P1":                                          0x6182
  .rodata                const     0x800'013c    0xc4  app_ble.o [3]
  .rodata                const     0x800'0200   0x130  app_debug.o [1]
  .rodata                const     0x800'0330    0x30  otas_app.o [3]
  .rodata                const     0x800'0360    0x80  system_stm32wbxx.o [6]
  .rodata                const     0x800'03e0    0x20  system_stm32wbxx.o [6]
  .text                  ro code   0x800'0400   0x2c8  app_ble.o [3]
  .text                  ro code   0x800'06c8    0x18  ABImemcpy_small.o [16]
  .text                  ro code   0x800'06e0   0x1ac  hci_tl.o [11]
  .text                  ro code   0x800'088c    0x3c  stm32_lpm.o [13]
  .text                  ro code   0x800'08c8   0x1e8  stm32_seq.o [13]
  .text                  ro code   0x800'0ab0    0xa6  shci.o [10]
  .text                  ro code   0x800'0b56    0x58  ble_hci_le.o [9]
  .text                  ro code   0x800'0bae    0xaa  ble_hal_aci.o [9]
  .text                  ro code   0x800'0c58   0x262  ble_gatt_aci.o [9]
  .text                  ro code   0x800'0eba   0x260  ble_gap_aci.o [9]
  .rodata                const     0x800'111a     0x2  xlocale_c.o [14]
  .text                  ro code   0x800'111c    0x28  printf.o [14]
  .text                  ro code   0x800'1144    0x28  svc_ctl.o [8]
  .text                  ro code   0x800'116c   0x190  flash_driver.o [1]
  .text                  ro code   0x800'12fc    0x28  otp.o [12]
  .text                  ro code   0x800'1324    0x54  svc_ctl.o [8]
  .text                  ro code   0x800'1378    0x14  hci_tl_if.o [11]
  .text                  ro code   0x800'138c    0x7c  stm_list.o [12]
  .text                  ro code   0x800'1408   0x1e0  tl_mbox.o [11]
  .text                  ro code   0x800'15e8   0x190  app_entry.o [1]
  .text                  ro code   0x800'1778     0x2  stm32_seq.o [13]
  .rodata                const     0x800'177a     0x1  xlocale_c.o [14]
  .text                  ro code   0x800'177c   0x148  shci_tl.o [11]
  .text                  ro code   0x800'18c4    0x20  osal.o [9]
  .text                  ro code   0x800'18e4   0xeaa  xprintffull_nomb.o [14]
  .text                  ro code   0x800'278e    0x4e  svc_ctl.o [8]
  Veneer                 ro code   0x800'27dc     0x8  - Linker created -
  .text                  ro code   0x800'27e4   0x124  stm32wbxx_hal_flash.o [7]
  .text                  ro code   0x800'2908    0xe8  stm32wbxx_hal_flash_ex.o [7]
  .text                  ro code   0x800'29f0   0x1e8  hw_ipcc.o [4]
  .text                  ro code   0x800'2bd8   0x53c  hw_timerserver.o [1]
  .text                  ro code   0x800'3114   0x160  app_debug.o [1]
  .text                  ro code   0x800'3274   0x144  stm32wbxx_nucleo.o [5]
  .text                  ro code   0x800'33b8    0x54  stm32wbxx_hal_pwr.o [7]
  .text                  ro code   0x800'340c   0x13c  main.o [1]
  .text                  ro code   0x800'3548    0x14  shci_tl_if.o [11]
  .text                  ro code   0x800'355c    0x12  ABImemset_small.o [16]
  .text                  ro code   0x800'3570    0x16  strchr.o [16]
  .text                  ro code   0x800'3588    0x40  xfail_s.o [14]
  .text                  ro code   0x800'35c8    0x36  strlen.o [16]
  .text                  ro code   0x800'3600    0x58  memchr.o [16]
  .text                  ro code   0x800'3658    0x70  frexp.o [15]
  .text                  ro code   0x800'36c8    0x34  DblCmpLe.o [15]
  .text                  ro code   0x800'36fc    0x34  DblCmpGe.o [15]
  .text                  ro code   0x800'3730   0x13a  ldexp.o [15]
  .text                  ro code   0x800'386c    0x36  DblToS32.o [15]
  .text                  ro code   0x800'38a4    0x22  S32ToDbl.o [15]
  .text                  ro code   0x800'38c8   0x24e  DblAddSub.o [15]
  .text                  ro code   0x800'3b18   0x246  DblDiv.o [15]
  .text                  ro code   0x800'3d60    0x22  DblToU32.o [15]
  .text                  ro code   0x800'3d84    0x1c  U32ToDbl.o [15]
  .text                  ro code   0x800'3da0   0x1aa  DblMul.o [15]
  .text                  ro code   0x800'3f4c     0x8  xlocale_c.o [14]
  .text                  ro code   0x800'3f54   0x106  I64DivMod_small.o [16]
  .text                  ro code   0x800'405c   0x194  otas_stm.o [8]
  .text                  ro code   0x800'41f0     0x2  svc_ctl.o [8]
  .text                  ro code   0x800'41f4     0xc  stm32wbxx_hal.o [7]
  .text                  ro code   0x800'4200   0x11c  stm32wbxx_hal_cortex.o [7]
  .text                  ro code   0x800'431c     0x2  hw_timerserver.o [1]
  .text                  ro code   0x800'4320    0x48  stm32wbxx_hal.o [7]
  .text                  ro code   0x800'4368    0xb0  dbg_trace.o [12]
  .text                  ro code   0x800'4418     0x6  ABImemclr4.o [16]
  .text                  ro code   0x800'4420   0x1c0  stm32wbxx_hal_gpio.o [7]
  .text                  ro code   0x800'45e0   0x1b0  hw_uart.o [1]
  .text                  ro code   0x800'4790    0x14  memset.o [16]
  .text                  ro code   0x800'47a4    0x50  stm32wbxx_hal_pwr_ex.o [7]
  .text                  ro code   0x800'47f4   0x144  stm32wbxx_hal_rtc.o [7]
  .text                  ro code   0x800'4938     0x6  abort.o [14]
  .text                  ro code   0x800'4940     0x2  I64DivZer.o [16]
  .text                  ro code   0x800'4944   0x168  otas_app.o [3]
  .text                  ro code   0x800'4aac    0x44  stm32wbxx_hal.o [7]
  .text                  ro code   0x800'4af0     0x2  stm32wbxx_hal.o [7]
  .text                  ro code   0x800'4af2   0x390  stm_queue.o [12]
  .text                  ro code   0x800'4e84    0x32  ABImemset48.o [16]
  .text                  ro code   0x800'4eb8   0x9b0  stm32wbxx_hal_uart.o [7]
  .text                  ro code   0x800'5868   0x3bc  stm32wbxx_hal_dma.o [7]
  .text                  ro code   0x800'5c24    0x14  exit.o [17]
  .text                  ro code   0x800'5c38    0xf0  stm32wbxx_hal_rcc.o [7]
  .text                  ro code   0x800'5d28     0x2  stm32wbxx_hal_uart.o [7]
  .text                  ro code   0x800'5d2a     0x2  stm32wbxx_hal_uart.o [7]
  .text                  ro code   0x800'5d2c     0x2  stm32wbxx_hal_uart_ex.o [7]
  .text                  ro code   0x800'5d2e     0x2  stm32wbxx_hal_uart_ex.o [7]
  .text                  ro code   0x800'5d30     0x2  stm32wbxx_hal_uart_ex.o [7]
  .text                  ro code   0x800'5d32     0x2  stm32wbxx_hal_uart.o [7]
  .text                  ro code   0x800'5d34    0x10  startup_stm32wb55xx_cm4.o [2]
  .text                  ro code   0x800'5d44    0x10  stm32wbxx_hal.o [7]
  .text                  ro code   0x800'5d54   0x134  system_stm32wbxx.o [6]
  .text                  ro code   0x800'5e88    0x1c  cstartup_M.o [16]
  .text                  ro code   0x800'5ea4    0x22  fpinit_M.o [15]
  .text                  ro code   0x800'5ec8    0x1e  cmain.o [16]
  .text                  ro code   0x800'5ee8    0x28  data_init.o [16]
  .text                  ro code   0x800'5f10     0x4  exit.o [14]
  .text                  ro code   0x800'5f14     0xa  cexit.o [16]
  .text                  ro code   0x800'5f20    0x44  putchar.o [14]
  .text                  ro code   0x800'5f64     0x4  startup_stm32wb55xx_cm4.o [2]
  .text                  ro code   0x800'5f68     0x4  startup_stm32wb55xx_cm4.o [2]
  .text                  ro code   0x800'5f6c     0x4  startup_stm32wb55xx_cm4.o [2]
  .text                  ro code   0x800'5f70     0x4  startup_stm32wb55xx_cm4.o [2]
  .text                  ro code   0x800'5f74     0x4  startup_stm32wb55xx_cm4.o [2]
  .text                  ro code   0x800'5f78     0x4  startup_stm32wb55xx_cm4.o [2]
  .text                  ro code   0x800'5f7c     0x4  startup_stm32wb55xx_cm4.o [2]
  .text                  ro code   0x800'5f80     0x4  startup_stm32wb55xx_cm4.o [2]
  .text                  ro code   0x800'5f84     0x4  startup_stm32wb55xx_cm4.o [2]
  .text                  ro code   0x800'5f88     0x4  startup_stm32wb55xx_cm4.o [2]
  .text                  ro code   0x800'5f8c     0x4  startup_stm32wb55xx_cm4.o [2]
  .text                  ro code   0x800'5f90     0x4  startup_stm32wb55xx_cm4.o [2]
  .text                  ro code   0x800'5f94     0x4  startup_stm32wb55xx_cm4.o [2]
  .text                  ro code   0x800'5f98     0x4  startup_stm32wb55xx_cm4.o [2]
  .text                  ro code   0x800'5f9c     0x4  startup_stm32wb55xx_cm4.o [2]
  .text                  ro code   0x800'5fa0     0x4  startup_stm32wb55xx_cm4.o [2]
  .text                  ro code   0x800'5fa4     0x4  startup_stm32wb55xx_cm4.o [2]
  .text                  ro code   0x800'5fa8     0x4  startup_stm32wb55xx_cm4.o [2]
  .text                  ro code   0x800'5fac     0x4  startup_stm32wb55xx_cm4.o [2]
  .text                  ro code   0x800'5fb0     0x4  startup_stm32wb55xx_cm4.o [2]
  .text                  ro code   0x800'5fb4     0x4  startup_stm32wb55xx_cm4.o [2]
  .text                  ro code   0x800'5fb8     0x4  startup_stm32wb55xx_cm4.o [2]
  .text                  ro code   0x800'5fbc     0x4  startup_stm32wb55xx_cm4.o [2]
  .text                  ro code   0x800'5fc0     0x4  startup_stm32wb55xx_cm4.o [2]
  .text                  ro code   0x800'5fc4     0x4  startup_stm32wb55xx_cm4.o [2]
  .text                  ro code   0x800'5fc8     0x4  startup_stm32wb55xx_cm4.o [2]
  .text                  ro code   0x800'5fcc     0x4  startup_stm32wb55xx_cm4.o [2]
  .text                  ro code   0x800'5fd0     0x4  startup_stm32wb55xx_cm4.o [2]
  .text                  ro code   0x800'5fd4     0x4  startup_stm32wb55xx_cm4.o [2]
  .text                  ro code   0x800'5fd8     0x4  startup_stm32wb55xx_cm4.o [2]
  .text                  ro code   0x800'5fdc     0x4  startup_stm32wb55xx_cm4.o [2]
  .text                  ro code   0x800'5fe0     0x4  startup_stm32wb55xx_cm4.o [2]
  .text                  ro code   0x800'5fe4     0x4  startup_stm32wb55xx_cm4.o [2]
  .text                  ro code   0x800'5fe8     0x4  startup_stm32wb55xx_cm4.o [2]
  .text                  ro code   0x800'5fec     0x4  startup_stm32wb55xx_cm4.o [2]
  .text                  ro code   0x800'5ff0     0x4  startup_stm32wb55xx_cm4.o [2]
  .text                  ro code   0x800'5ff4     0x4  startup_stm32wb55xx_cm4.o [2]
  .text                  ro code   0x800'5ff8     0x4  startup_stm32wb55xx_cm4.o [2]
  .text                  ro code   0x800'5ffc     0x4  startup_stm32wb55xx_cm4.o [2]
  .text                  ro code   0x800'6000     0x4  startup_stm32wb55xx_cm4.o [2]
  .text                  ro code   0x800'6004     0x4  startup_stm32wb55xx_cm4.o [2]
  .text                  ro code   0x800'6008     0x4  startup_stm32wb55xx_cm4.o [2]
  .text                  ro code   0x800'600c     0x4  startup_stm32wb55xx_cm4.o [2]
  .text                  ro code   0x800'6010     0x4  startup_stm32wb55xx_cm4.o [2]
  .text                  ro code   0x800'6014     0x4  startup_stm32wb55xx_cm4.o [2]
  .text                  ro code   0x800'6018     0x4  startup_stm32wb55xx_cm4.o [2]
  .text                  ro code   0x800'601c     0x4  startup_stm32wb55xx_cm4.o [2]
  .text                  ro code   0x800'6020     0x4  startup_stm32wb55xx_cm4.o [2]
  .text                  ro code   0x800'6024     0x4  startup_stm32wb55xx_cm4.o [2]
  .text                  ro code   0x800'6028     0x4  startup_stm32wb55xx_cm4.o [2]
  .text                  ro code   0x800'602c     0x4  startup_stm32wb55xx_cm4.o [2]
  .text                  ro code   0x800'6030     0x4  startup_stm32wb55xx_cm4.o [2]
  .text                  ro code   0x800'6034     0x4  startup_stm32wb55xx_cm4.o [2]
  .text                  ro code   0x800'6038     0x4  startup_stm32wb55xx_cm4.o [2]
  .text                  ro code   0x800'603c     0x4  startup_stm32wb55xx_cm4.o [2]
  .text                  ro code   0x800'6040     0x4  startup_stm32wb55xx_cm4.o [2]
  .text                  ro code   0x800'6044     0x4  startup_stm32wb55xx_cm4.o [2]
  .text                  ro code   0x800'6048     0x4  startup_stm32wb55xx_cm4.o [2]
  .text                  ro code   0x800'604c     0x4  startup_stm32wb55xx_cm4.o [2]
  .text                  ro code   0x800'6050     0x4  startup_stm32wb55xx_cm4.o [2]
  .text                  ro code   0x800'6054     0x4  startup_stm32wb55xx_cm4.o [2]
  .text                  ro code   0x800'6058    0x26  stm32wbxx_it.o [1]
  .text                  ro code   0x800'607e    0x16  xprout.o [14]
  .text                  ro code   0x800'6094    0x38  zero_init3.o [16]
  .text                  ro code   0x800'60cc    0xa2  packbits_init.o [16]
  .iar.init_table        const     0x800'6170    0x50  - Linker created -
  .rodata                const     0x800'61c0     0x0  zero_init3.o [16]
  .rodata                const     0x800'61c0     0x0  packbits_init.o [16]
  Initializer bytes      const     0x800'61c0    0xfc  <for P5-1>
  Initializer bytes      const     0x800'62bc     0x2  <for P3-P4-1>
                                 - 0x800'62be  0x6182

"P2":                                          0x1000
  CSTACK                          0x2000'0008  0x1000  <Block>
    CSTACK               uninit   0x2000'0008  0x1000  <Block tail>
                                - 0x2000'1008  0x1000

"P5", part 1 of 2:                             0x1134
  P5-1                            0x2000'1008  0x1134  <Init block>
    .data                inited   0x2000'1008    0x10  app_ble.o [3]
    .data                inited   0x2000'1018  0x1024  dbg_trace.o [12]
    .data                inited   0x2000'203c    0x28  stm32_seq.o [13]
    .data                inited   0x2000'2064     0xc  stm32wbxx_hal.o [7]
    .data                inited   0x2000'2070     0xc  stm32wbxx_nucleo.o [5]
    .data                inited   0x2000'207c     0xc  stm32wbxx_nucleo.o [5]
    .data                inited   0x2000'2088     0x4  system_stm32wbxx.o [6]
    .data                inited   0x2000'208c    0x48  xfiles.o [14]
    .data                inited   0x2000'20d4    0x38  xlocale_c.o [14]
    .textrw              inited   0x2000'210c    0x30  stm32wbxx_hal_flash.o [7]
                                - 0x2000'213c  0x1134

"P5", part 2 of 2:                              0x394
  .bss                   zero     0x2000'213c    0x94  hw_uart.o [1]
  TIMERSERVER_CONTEXT    zero     0x2000'21d0    0x90  hw_timerserver.o [1]
  .bss                   zero     0x2000'2260    0x80  stm32_seq.o [13]
  .bss                   zero     0x2000'22e0    0x60  hw_uart.o [1]
  .bss                   zero     0x2000'2340    0x50  xfiles.o [14]
  .bss                   zero     0x2000'2390    0x2c  hci_tl.o [11]
  .bss                   zero     0x2000'23bc    0x24  main.o [1]
  .bss                   zero     0x2000'23e0    0x24  shci_tl.o [11]
  BLE_DRIVER_CONTEXT     zero     0x2000'2404    0x20  svc_ctl.o [8]
  .bss                   zero     0x2000'2428    0x18  otas_app.o [3]
  .bss                   zero     0x2000'2440    0x18  stm32wbxx_hal_flash.o [7]
  BLE_DRIVER_CONTEXT     zero     0x2000'2458    0x10  hci_tl.o [11]
  SYSTEM_DRIVER_CONTEXT  zero     0x2000'2468    0x10  shci_tl.o [11]
  .bss                   zero     0x2000'2478     0xc  hw_timerserver.o [1]
  BLE_DRIVER_CONTEXT     zero     0x2000'2484     0xc  otas_stm.o [8]
  .bss                   zero     0x2000'2490     0x8  app_ble.o [3]
  .bss                   zero     0x2000'2498     0x8  stm32_lpm.o [13]
  .bss                   zero     0x2000'24a0     0x8  tl_mbox.o [11]
  .bss                   zero     0x2000'24a8     0x8  tl_mbox.o [11]
  .bss                   zero     0x2000'24b0     0x8  tl_mbox.o [11]
  TIMERSERVER_CONTEXT    zero     0x2000'24b8     0x8  hw_timerserver.o [1]
  .bss                   zero     0x2000'24c0     0x4  hw_ipcc.o [4]
  .bss                   zero     0x2000'24c4     0x4  hw_uart.o [1]
  .bss                   zero     0x2000'24c8     0x4  xfail_s.o [14]
  BLE_DRIVER_CONTEXT     zero     0x2000'24cc     0x1  svc_ctl.o [8]
  SYSTEM_DRIVER_CONTEXT  zero     0x2000'24cd     0x1  shci_tl.o [11]
                                - 0x2000'24ce   0x392

"A1":                                            0x28
  MAPPING_TABLE          uninit   0x2003'0000    0x28  tl_mbox.o [11]
                                - 0x2003'0028    0x28

"P3-P4", part 1 of 3:                            0x14
  P3-P4-1                         0x2003'0028    0x14  <Init block>
    MB_MEM2              inited   0x2003'0028     0x4  app_debug.o [1]
    MB_MEM2              inited   0x2003'002c    0x10  app_debug.o [1]
                                - 0x2003'003c    0x14

"P3-P4", part 2 of 3:                           0x870
  MB_MEM2                zero     0x2003'003c   0x860  app_entry.o [1]
  MB_MEM2                zero     0x2003'089c    0x10  tl_mbox.o [11]
                                - 0x2003'08ac   0x870

"P3-P4", part 3 of 3:                           0x1bc
  MB_MEM1                uninit   0x2003'08ac   0x10c  app_ble.o [3]
  MB_MEM1                uninit   0x2003'09b8    0x90  tl_mbox.o [11]
  MB_MEM1                uninit   0x2003'0a48     0x8  tl_mbox.o [11]
  MB_MEM1                uninit   0x2003'0a50     0x8  tl_mbox.o [11]
  MB_MEM1                uninit   0x2003'0a58     0x8  tl_mbox.o [11]
  MB_MEM1                uninit   0x2003'0a60     0x8  tl_mbox.o [11]
                                - 0x2003'0a68   0x1bc

Unused ranges:

         From           To      Size
         ----           --      ----
   0x800'62be   0x807'ffff  0x7'9d42
  0x2000'24d0  0x2002'ffff  0x2'db30
  0x2003'0a68  0x2003'27ff    0x1d98


*******************************************************************************
*** INIT TABLE
***

          Address      Size
          -------      ----
Zero (__iar_zero_init3)
    2 destination ranges, total size 0xc02:
          0x2000'213c   0x392
          0x2003'003c   0x870

Copy/packbits (__iar_packbits_init3)
    1 source range, total size 0xfc (5% of destination):
           0x800'61c0    0xfc
    1 destination range, total size 0x1134:
          0x2000'1008  0x1134

Copy/packbits (__iar_packbits_init3)
    1 source range, total size 0x2 (10% of destination):
           0x800'62bc     0x2
    1 destination range, total size 0x14:
          0x2003'0028    0x14



*******************************************************************************
*** MODULE SUMMARY
***

    Module                     ro code  rw code  ro data  rw data
    ------                     -------  -------  -------  -------
command line/config:
    -------------------------------------------------------------
    Total:

C:\Users\hskang2\Downloads\en.stm32cubewb-1-15-0\STM32Cube_FW_WB_V1.15.0\Projects\P-NUCLEO-WB55.Nucleo\Applications\BLE\BLE_Ota\EWARM\BLE_Ota\Obj\Application\Core: [1]
    app_debug.o                    352               306       20
    app_entry.o                    400                      2'144
    flash_driver.o                 400
    hw_timerserver.o             1'342                        164
    hw_uart.o                      432                        248
    main.o                         316                         36
    stm32wbxx_it.o                  38
    -------------------------------------------------------------
    Total:                       3'280               306    2'612

C:\Users\hskang2\Downloads\en.stm32cubewb-1-15-0\STM32Cube_FW_WB_V1.15.0\Projects\P-NUCLEO-WB55.Nucleo\Applications\BLE\BLE_Ota\EWARM\BLE_Ota\Obj\Application\EWARM: [2]
    startup_stm32wb55xx_cm4.o      576
    -------------------------------------------------------------
    Total:                         576

C:\Users\hskang2\Downloads\en.stm32cubewb-1-15-0\STM32Cube_FW_WB_V1.15.0\Projects\P-NUCLEO-WB55.Nucleo\Applications\BLE\BLE_Ota\EWARM\BLE_Ota\Obj\Application\STM32_WPAN\app: [3]
    app_ble.o                      712               196      292
    otas_app.o                     360                48       24
    -------------------------------------------------------------
    Total:                       1'072               244      316

C:\Users\hskang2\Downloads\en.stm32cubewb-1-15-0\STM32Cube_FW_WB_V1.15.0\Projects\P-NUCLEO-WB55.Nucleo\Applications\BLE\BLE_Ota\EWARM\BLE_Ota\Obj\Application\STM32_WPAN\target: [4]
    hw_ipcc.o                      488                          4
    -------------------------------------------------------------
    Total:                         488                          4

C:\Users\hskang2\Downloads\en.stm32cubewb-1-15-0\STM32Cube_FW_WB_V1.15.0\Projects\P-NUCLEO-WB55.Nucleo\Applications\BLE\BLE_Ota\EWARM\BLE_Ota\Obj\Drivers\BSP\P-NUCLEO-WB55.Nucleo: [5]
    stm32wbxx_nucleo.o             324                 1       24
    -------------------------------------------------------------
    Total:                         324                 1       24

C:\Users\hskang2\Downloads\en.stm32cubewb-1-15-0\STM32Cube_FW_WB_V1.15.0\Projects\P-NUCLEO-WB55.Nucleo\Applications\BLE\BLE_Ota\EWARM\BLE_Ota\Obj\Drivers\CMSIS: [6]
    system_stm32wbxx.o             308               160        4
    -------------------------------------------------------------
    Total:                         308               160        4

C:\Users\hskang2\Downloads\en.stm32cubewb-1-15-0\STM32Cube_FW_WB_V1.15.0\Projects\P-NUCLEO-WB55.Nucleo\Applications\BLE\BLE_Ota\EWARM\BLE_Ota\Obj\Drivers\STM32WBxx_HAL_Driver: [7]
    stm32wbxx_hal.o                170                 1       12
    stm32wbxx_hal_cortex.o         284
    stm32wbxx_hal_dma.o            956
    stm32wbxx_hal_flash.o          292       48        3       24
    stm32wbxx_hal_flash_ex.o       232
    stm32wbxx_hal_gpio.o           448
    stm32wbxx_hal_pwr.o             84
    stm32wbxx_hal_pwr_ex.o          80
    stm32wbxx_hal_rcc.o            240
    stm32wbxx_hal_rtc.o            324
    stm32wbxx_hal_uart.o         2'486
    stm32wbxx_hal_uart_ex.o          6
    -------------------------------------------------------------
    Total:                       5'602       48        4       36

C:\Users\hskang2\Downloads\en.stm32cubewb-1-15-0\STM32Cube_FW_WB_V1.15.0\Projects\P-NUCLEO-WB55.Nucleo\Applications\BLE\BLE_Ota\EWARM\BLE_Ota\Obj\Middlewares\STM32_WPAN\ble\blesvc: [8]
    otas_stm.o                     404                         12
    svc_ctl.o                      204                         33
    -------------------------------------------------------------
    Total:                         608                         45

C:\Users\hskang2\Downloads\en.stm32cubewb-1-15-0\STM32Cube_FW_WB_V1.15.0\Projects\P-NUCLEO-WB55.Nucleo\Applications\BLE\BLE_Ota\EWARM\BLE_Ota\Obj\Middlewares\STM32_WPAN\ble\core: [9]
    ble_gap_aci.o                  608
    ble_gatt_aci.o                 610
    ble_hal_aci.o                  170
    ble_hci_le.o                    88
    osal.o                          32
    -------------------------------------------------------------
    Total:                       1'508

C:\Users\hskang2\Downloads\en.stm32cubewb-1-15-0\STM32Cube_FW_WB_V1.15.0\Projects\P-NUCLEO-WB55.Nucleo\Applications\BLE\BLE_Ota\EWARM\BLE_Ota\Obj\Middlewares\STM32_WPAN\interface\patterns\ble_thread\shci: [10]
    shci.o                         166
    -------------------------------------------------------------
    Total:                         166

C:\Users\hskang2\Downloads\en.stm32cubewb-1-15-0\STM32Cube_FW_WB_V1.15.0\Projects\P-NUCLEO-WB55.Nucleo\Applications\BLE\BLE_Ota\EWARM\BLE_Ota\Obj\Middlewares\STM32_WPAN\interface\patterns\ble_thread\tl: [11]
    hci_tl.o                       428                         60
    hci_tl_if.o                     20
    shci_tl.o                      328                         53
    shci_tl_if.o                    20
    tl_mbox.o                      480                        256
    -------------------------------------------------------------
    Total:                       1'276                        369

C:\Users\hskang2\Downloads\en.stm32cubewb-1-15-0\STM32Cube_FW_WB_V1.15.0\Projects\P-NUCLEO-WB55.Nucleo\Applications\BLE\BLE_Ota\EWARM\BLE_Ota\Obj\Middlewares\STM32_WPAN\utilities: [12]
    dbg_trace.o                    176               237    4'132
    otp.o                           40
    stm_list.o                     124
    stm_queue.o                    912
    -------------------------------------------------------------
    Total:                       1'252               237    4'132

C:\Users\hskang2\Downloads\en.stm32cubewb-1-15-0\STM32Cube_FW_WB_V1.15.0\Projects\P-NUCLEO-WB55.Nucleo\Applications\BLE\BLE_Ota\EWARM\BLE_Ota\Obj\Utilities: [13]
    stm32_lpm.o                     60                          8
    stm32_seq.o                    490                 2      168
    -------------------------------------------------------------
    Total:                         550                 2      176

dl7M_tlf.a: [14]
    abort.o                          6
    exit.o                           4
    printf.o                        40
    putchar.o                       68
    xfail_s.o                       64                          4
    xfiles.o                                           5      152
    xlocale_c.o                      8                 6       56
    xprintffull_nomb.o           3'754
    xprout.o                        22
    -------------------------------------------------------------
    Total:                       3'966                11      212

m7M_tls.a: [15]
    DblAddSub.o                    590
    DblCmpGe.o                      52
    DblCmpLe.o                      52
    DblDiv.o                       582
    DblMul.o                       426
    DblToS32.o                      54
    DblToU32.o                      34
    S32ToDbl.o                      34
    U32ToDbl.o                      28
    fpinit_M.o                      34
    frexp.o                        112
    ldexp.o                        314
    -------------------------------------------------------------
    Total:                       2'312

rt7M_tl.a: [16]
    ABImemclr4.o                     6
    ABImemcpy_small.o               24
    ABImemset48.o                   50
    ABImemset_small.o               18
    I64DivMod_small.o              262
    I64DivZer.o                      2
    cexit.o                         10
    cmain.o                         30
    cstartup_M.o                    28
    data_init.o                     40
    memchr.o                        88
    memset.o                        20
    packbits_init.o                162
    strchr.o                        22
    strlen.o                        54
    zero_init3.o                    56
    -------------------------------------------------------------
    Total:                         872

shb_l.a: [17]
    exit.o                          20
    -------------------------------------------------------------
    Total:                          20

    Gaps                            43                 2        4
    Linker created                   8                80    4'096
-----------------------------------------------------------------
    Grand Total:                24'231       48    1'047   12'030


*******************************************************************************
*** ENTRY LIST
***

Entry                       Address    Size  Type      Object
-----                       -------    ----  ----      ------
.iar.init_table$$Base    0x800'6170           --   Gb  - Linker created -
.iar.init_table$$Limit   0x800'61c0           --   Gb  - Linker created -
?main                    0x800'5ec9          Code  Gb  cmain.o [16]
ADC1_IRQHandler          0x800'5fb5          Code  Wk  startup_stm32wb55xx_cm4.o [2]
AES1_IRQHandler          0x800'602d          Code  Wk  startup_stm32wb55xx_cm4.o [2]
AES2_IRQHandler          0x800'6031          Code  Wk  startup_stm32wb55xx_cm4.o [2]
AHBPrescTable            0x800'0360    0x40  Data  Gb  system_stm32wbxx.o [6]
APBPrescTable            0x800'03e0    0x20  Data  Gb  system_stm32wbxx.o [6]
APPD_EnableCPU2          0x800'3229    0x1e  Code  Gb  app_debug.o [1]
APPD_GeneralConfig      0x2003'002c    0x10  Data  Lc  app_debug.o [1]
APPD_Init                0x800'312f    0xe2  Code  Gb  app_debug.o [1]
APPD_TracesConfig       0x2003'0028     0x4  Data  Lc  app_debug.o [1]
APPE_Init                0x800'1603    0x9a  Code  Gb  app_entry.o [1]
APPE_SysStatusNot        0x800'16b9     0x2  Code  Lc  app_entry.o [1]
APPE_SysUserEvtRx        0x800'16bd    0x9e  Code  Lc  app_entry.o [1]
APP_BLE_Init             0x800'0401   0x1b0  Code  Gb  app_ble.o [3]
Adv_Request              0x800'05c1    0x34  Code  Lc  app_ble.o [3]
AsynchPrescalerUserConfig
                        0x2000'2479     0x1  Data  Lc  hw_timerserver.o [1]
BLE_CFG_ER_VALUE         0x800'06b0    0x10  Data  Lc  app_ble.o [3]
BLE_CFG_IR_VALUE         0x800'06a0    0x10  Data  Lc  app_ble.o [3]
BLE_IoBusAclDataTxAck   0x2000'24ac     0x4  Data  Lc  tl_mbox.o [11]
BLE_IoBusEvtCallBackFunction
                        0x2000'24a8     0x4  Data  Lc  tl_mbox.o [11]
BLE_StatusNot            0x800'067d    0x12  Code  Lc  app_ble.o [3]
BLE_UserEvtRx            0x800'0665    0x16  Code  Lc  app_ble.o [3]
BSP_LED_Init             0x800'328d    0x3c  Code  Gb  stm32wbxx_nucleo.o [5]
BSP_LED_Off              0x800'32e5    0x10  Code  Gb  stm32wbxx_nucleo.o [5]
BSP_LED_On               0x800'32d5    0x10  Code  Gb  stm32wbxx_nucleo.o [5]
BSP_PB_Init              0x800'3307    0x7c  Code  Gb  stm32wbxx_nucleo.o [5]
BUTTON_IRQn              0x800'33b4     0x4  Data  Gb  stm32wbxx_nucleo.o [5]
BUTTON_PIN               0x800'33ac     0x8  Data  Gb  stm32wbxx_nucleo.o [5]
BUTTON_PORT             0x2000'207c     0xc  Data  Gb  stm32wbxx_nucleo.o [5]
BleCmdBuffer            0x2003'08ac   0x10c  Data  Lc  app_ble.o [3]
BleGetBdAddress          0x800'05f5    0x34  Code  Lc  app_ble.o [3]
BleSpareEvtBuffer       0x2003'0790   0x10c  Data  Lc  app_entry.o [1]
BusFault_Handler         0x800'5f69          Code  Wk  startup_stm32wb55xx_cm4.o [2]
C2SEV_PWR_C2H_IRQHandler
                         0x800'5fc1          Code  Wk  startup_stm32wb55xx_cm4.o [2]
COMP_IRQHandler          0x800'5fc5          Code  Wk  startup_stm32wb55xx_cm4.o [2]
CRS_IRQHandler           0x800'6011          Code  Wk  startup_stm32wb55xx_cm4.o [2]
CSTACK$$Base            0x2000'0008           --   Gb  - Linker created -
CSTACK$$Limit           0x2000'1008           --   Gb  - Linker created -
CheckFwAppValidity       0x800'5d55    0x2c  Code  Lc  system_stm32wbxx.o [6]
CircularQueue_Add        0x800'4b1d   0x20e  Code  Gb  stm_queue.o [12]
CircularQueue_Init       0x800'4af3    0x2a  Code  Gb  stm_queue.o [12]
CircularQueue_Remove     0x800'4d2b    0xc0  Code  Gb  stm_queue.o [12]
CircularQueue_Sense      0x800'4deb    0x98  Code  Gb  stm_queue.o [12]
Cmd_SetStatus            0x800'1873    0x22  Code  Lc  shci_tl.o [11]
CsBuffer                0x2003'089c    0x10  Data  Lc  tl_mbox.o [11]
CurrentRunningTimerID   0x2000'24b8     0x1  Data  Lc  hw_timerserver.o [1]
CurrentTaskIdx          0x2000'2060     0x4  Data  Lc  stm32_seq.o [13]
DMA1_Channel1_IRQHandler
                         0x800'5f99          Code  Wk  startup_stm32wb55xx_cm4.o [2]
DMA1_Channel2_IRQHandler
                         0x800'5f9d          Code  Wk  startup_stm32wb55xx_cm4.o [2]
DMA1_Channel3_IRQHandler
                         0x800'5fa1          Code  Wk  startup_stm32wb55xx_cm4.o [2]
DMA1_Channel4_IRQHandler
                         0x800'5fa5          Code  Wk  startup_stm32wb55xx_cm4.o [2]
DMA1_Channel5_IRQHandler
                         0x800'5fa9          Code  Wk  startup_stm32wb55xx_cm4.o [2]
DMA1_Channel6_IRQHandler
                         0x800'5fad          Code  Wk  startup_stm32wb55xx_cm4.o [2]
DMA1_Channel7_IRQHandler
                         0x800'5fb1          Code  Wk  startup_stm32wb55xx_cm4.o [2]
DMA2_Channel1_IRQHandler
                         0x800'603d          Code  Wk  startup_stm32wb55xx_cm4.o [2]
DMA2_Channel2_IRQHandler
                         0x800'6041          Code  Wk  startup_stm32wb55xx_cm4.o [2]
DMA2_Channel3_IRQHandler
                         0x800'6045          Code  Wk  startup_stm32wb55xx_cm4.o [2]
DMA2_Channel4_IRQHandler
                         0x800'606d     0x6  Code  Gb  stm32wbxx_it.o [1]
DMA2_Channel5_IRQHandler
                         0x800'6049          Code  Wk  startup_stm32wb55xx_cm4.o [2]
DMA2_Channel6_IRQHandler
                         0x800'604d          Code  Wk  startup_stm32wb55xx_cm4.o [2]
DMA2_Channel7_IRQHandler
                         0x800'6051          Code  Wk  startup_stm32wb55xx_cm4.o [2]
DMAMUX1_OVR_IRQHandler   0x800'6055          Code  Wk  startup_stm32wb55xx_cm4.o [2]
DMA_CalcDMAMUXChannelBaseAndMask
                         0x800'5ba3    0x3a  Code  Lc  stm32wbxx_hal_dma.o [7]
DMA_CalcDMAMUXRequestGenBaseAndMask
                         0x800'5bdd    0x20  Code  Lc  stm32wbxx_hal_dma.o [7]
DMA_SetConfig            0x800'5b6b    0x38  Code  Lc  stm32wbxx_hal_dma.o [7]
DbgOutputInit            0x800'3247     0x6  Code  Gb  app_debug.o [1]
DbgOutputTraces          0x800'324d     0xc  Code  Gb  app_debug.o [1]
DbgTraceInit             0x800'439f    0x1e  Code  Gb  dbg_trace.o [12]
DbgTracePeripheralReady
                        0x2000'1018     0x1  Data  Gb  dbg_trace.o [12]
DbgTraceWrite            0x800'43bf    0x52  Code  Gb  dbg_trace.o [12]
DbgTrace_TxCpltCallback
                         0x800'4369    0x36  Code  Lc  dbg_trace.o [12]
DebugMon_Handler         0x800'605f     0x2  Code  Gb  stm32wbxx_it.o [1]
EXTI0_IRQHandler         0x800'5f85          Code  Wk  startup_stm32wb55xx_cm4.o [2]
EXTI15_10_IRQHandler     0x800'6009          Code  Wk  startup_stm32wb55xx_cm4.o [2]
EXTI1_IRQHandler         0x800'5f89          Code  Wk  startup_stm32wb55xx_cm4.o [2]
EXTI2_IRQHandler         0x800'5f8d          Code  Wk  startup_stm32wb55xx_cm4.o [2]
EXTI3_IRQHandler         0x800'5f91          Code  Wk  startup_stm32wb55xx_cm4.o [2]
EXTI4_IRQHandler         0x800'5f95          Code  Wk  startup_stm32wb55xx_cm4.o [2]
EXTI9_5_IRQHandler       0x800'5fc9          Code  Wk  startup_stm32wb55xx_cm4.o [2]
EvtPool                 0x2003'003c   0x53c  Data  Lc  app_entry.o [1]
EvtQueue                0x2003'0a58     0x8  Data  Lc  tl_mbox.o [11]
EvtSet                  0x2000'2058     0x4  Data  Lc  stm32_seq.o [13]
EvtWaited               0x2000'205c     0x4  Data  Lc  stm32_seq.o [13]
FD_EraseSectors          0x800'1183    0x5c  Code  Gb  flash_driver.o [1]
FD_EraseSingleSector     0x800'1237    0x1e  Code  Gb  flash_driver.o [1]
FD_WriteData             0x800'11df    0x58  Code  Gb  flash_driver.o [1]
FD_WriteSingleData       0x800'1255     0x4  Code  Gb  flash_driver.o [1]
FLASH_IRQHandler         0x800'5f7d          Code  Wk  startup_stm32wb55xx_cm4.o [2]
FLASH_PageErase          0x800'29c9    0x18  Code  Gb  stm32wbxx_hal_flash_ex.o [7]
FLASH_Program_DoubleWord
                         0x800'28d7    0x18  Code  Lc  stm32wbxx_hal_flash.o [7]
FLASH_Program_Fast      0x2000'210d    0x30  Code  Lc  stm32wbxx_hal_flash.o [7]
FLASH_WaitForLastOperation
                         0x800'2877    0x60  Code  Gb  stm32wbxx_hal_flash.o [7]
FPU_IRQHandler           0x800'6039          Code  Wk  startup_stm32wb55xx_cm4.o [2]
FreeBufCb               0x2000'24c0     0x4  Data  Lc  hw_ipcc.o [4]
FreeBufQueue            0x2003'0a48     0x8  Data  Lc  tl_mbox.o [11]
GPIO_PIN                 0x800'33a4     0x8  Data  Gb  stm32wbxx_nucleo.o [5]
GPIO_PORT               0x2000'2070     0xc  Data  Gb  stm32wbxx_nucleo.o [5]
HAL_DBGMCU_EnableDBGSleepMode
                         0x800'4345     0x4  Code  Gb  stm32wbxx_hal.o [7]
HAL_DBGMCU_EnableDBGStopMode
                         0x800'4349     0xc  Code  Gb  stm32wbxx_hal.o [7]
HAL_DMA_Abort            0x800'59c9    0x68  Code  Gb  stm32wbxx_hal_dma.o [7]
HAL_DMA_Abort_IT         0x800'5a31    0x6c  Code  Gb  stm32wbxx_hal_dma.o [7]
HAL_DMA_IRQHandler       0x800'5aa7    0xb2  Code  Gb  stm32wbxx_hal_dma.o [7]
HAL_DMA_Init             0x800'5869    0x8c  Code  Gb  stm32wbxx_hal_dma.o [7]
HAL_DMA_Start_IT         0x800'5941    0x88  Code  Gb  stm32wbxx_hal_dma.o [7]
HAL_Delay                0x800'34fb    0x30  Code  Gb  main.o [1]
HAL_FLASHEx_Erase        0x800'2909    0xb8  Code  Gb  stm32wbxx_hal_flash_ex.o [7]
HAL_FLASH_Lock           0x800'2861    0x16  Code  Gb  stm32wbxx_hal_flash.o [7]
HAL_FLASH_Program        0x800'27e5    0x56  Code  Gb  stm32wbxx_hal_flash.o [7]
HAL_FLASH_Unlock         0x800'2841    0x20  Code  Gb  stm32wbxx_hal_flash.o [7]
HAL_GPIO_Init            0x800'4421   0x198  Code  Gb  stm32wbxx_hal_gpio.o [7]
HAL_GPIO_WritePin        0x800'45b9     0xa  Code  Gb  stm32wbxx_hal_gpio.o [7]
HAL_GetTick              0x800'41f5     0xc  Code  Wk  stm32wbxx_hal.o [7]
HAL_GetTickFreq          0x800'433f     0x6  Code  Gb  stm32wbxx_hal.o [7]
HAL_IncTick              0x800'5d45    0x10  Code  Wk  stm32wbxx_hal.o [7]
HAL_Init                 0x800'4321    0x1e  Code  Gb  stm32wbxx_hal.o [7]
HAL_InitTick             0x800'4aad    0x44  Code  Wk  stm32wbxx_hal.o [7]
HAL_MspInit              0x800'4af1     0x2  Code  Wk  stm32wbxx_hal.o [7]
HAL_NVIC_ClearPendingIRQ
                         0x800'42dd    0x16  Code  Gb  stm32wbxx_hal_cortex.o [7]
HAL_NVIC_DisableIRQ      0x800'4287    0x1e  Code  Gb  stm32wbxx_hal_cortex.o [7]
HAL_NVIC_EnableIRQ       0x800'4271    0x16  Code  Gb  stm32wbxx_hal_cortex.o [7]
HAL_NVIC_SetPendingIRQ   0x800'42c7    0x16  Code  Gb  stm32wbxx_hal_cortex.o [7]
HAL_NVIC_SetPriority     0x800'4235    0x3a  Code  Gb  stm32wbxx_hal_cortex.o [7]
HAL_NVIC_SetPriorityGrouping
                         0x800'421b    0x1a  Code  Gb  stm32wbxx_hal_cortex.o [7]
HAL_PWREx_DisableLowPowerRunMode
                         0x800'47b1    0x36  Code  Gb  stm32wbxx_hal_pwr_ex.o [7]
HAL_PWREx_EnableLowPowerRunMode
                         0x800'47a5     0x2  Code  Gb  stm32wbxx_hal_pwr_ex.o [7]
HAL_PWR_EnableBkUpAccess
                         0x800'33b9     0xc  Code  Gb  stm32wbxx_hal_pwr.o [7]
HAL_PWR_EnterSLEEPMode   0x800'33c5    0x3a  Code  Gb  stm32wbxx_hal_pwr.o [7]
HAL_RCC_GetHCLKFreq      0x800'5cc3     0xa  Code  Gb  stm32wbxx_hal_rcc.o [7]
HAL_RCC_GetPCLK1Freq     0x800'5cdf    0x10  Code  Gb  stm32wbxx_hal_rcc.o [7]
HAL_RCC_GetPCLK2Freq     0x800'5cef     0xe  Code  Gb  stm32wbxx_hal_rcc.o [7]
HAL_RCC_GetSysClockFreq
                         0x800'5c4b    0x78  Code  Gb  stm32wbxx_hal_rcc.o [7]
HAL_RTC_Init             0x800'47f5    0xbe  Code  Gb  stm32wbxx_hal_rtc.o [7]
HAL_RTC_WaitForSynchro   0x800'48d1    0x32  Code  Gb  stm32wbxx_hal_rtc.o [7]
HAL_SYSTICK_Config       0x800'42a5    0x22  Code  Gb  stm32wbxx_hal_cortex.o [7]
HAL_UARTEx_RxEventCallback
                         0x800'5d2b     0x2  Code  Wk  stm32wbxx_hal_uart.o [7]
HAL_UARTEx_RxFifoFullCallback
                         0x800'5d31     0x2  Code  Wk  stm32wbxx_hal_uart_ex.o [7]
HAL_UARTEx_TxFifoEmptyCallback
                         0x800'5d2f     0x2  Code  Wk  stm32wbxx_hal_uart_ex.o [7]
HAL_UARTEx_WakeupCallback
                         0x800'5d2d     0x2  Code  Wk  stm32wbxx_hal_uart_ex.o [7]
HAL_UART_ErrorCallback   0x800'5d29     0x2  Code  Wk  stm32wbxx_hal_uart.o [7]
HAL_UART_IRQHandler      0x800'4fcb   0x2b6  Code  Gb  stm32wbxx_hal_uart.o [7]
HAL_UART_Init            0x800'4eb9    0x30  Code  Gb  stm32wbxx_hal_uart.o [7]
HAL_UART_MspInit         0x800'466b    0xde  Code  Gb  hw_uart.o [1]
HAL_UART_Transmit_DMA    0x800'4f39    0x7a  Code  Gb  stm32wbxx_hal_uart.o [7]
HAL_UART_TxCpltCallback
                         0x800'4757    0x14  Code  Gb  hw_uart.o [1]
HAL_UART_TxHalfCpltCallback
                         0x800'5d33     0x2  Code  Wk  stm32wbxx_hal_uart.o [7]
HSEM_IRQHandler          0x800'6019          Code  Wk  startup_stm32wb55xx_cm4.o [2]
HW_IPCC_BLE_AclDataAckNot
                         0x800'14a5     0x6  Code  Gb  tl_mbox.o [11]
HW_IPCC_BLE_Init         0x800'2b4b     0xc  Code  Gb  hw_ipcc.o [4]
HW_IPCC_BLE_RxEvtNot     0x800'1487    0x1e  Code  Gb  tl_mbox.o [11]
HW_IPCC_BLE_SendCmd      0x800'2b57     0xa  Code  Gb  hw_ipcc.o [4]
HW_IPCC_Enable           0x800'2ad7    0x3c  Code  Gb  hw_ipcc.o [4]
HW_IPCC_Init             0x800'2b13    0x38  Code  Gb  hw_ipcc.o [4]
HW_IPCC_MM_SendFreeBuf   0x800'2b7f    0x28  Code  Gb  hw_ipcc.o [4]
HW_IPCC_Rx_Handler       0x800'2a11    0x54  Code  Gb  hw_ipcc.o [4]
HW_IPCC_SYS_CmdEvtNot    0x800'14e9     0xe  Code  Gb  tl_mbox.o [11]
HW_IPCC_SYS_EvtNot       0x800'14f7    0x1e  Code  Gb  tl_mbox.o [11]
HW_IPCC_SYS_Init         0x800'2b61     0xc  Code  Gb  hw_ipcc.o [4]
HW_IPCC_SYS_SendCmd      0x800'2b6d    0x12  Code  Gb  hw_ipcc.o [4]
HW_IPCC_TRACES_EvtNot    0x800'159f    0x20  Code  Gb  tl_mbox.o [11]
HW_IPCC_TRACES_Init      0x800'2ba7     0xc  Code  Gb  hw_ipcc.o [4]
HW_IPCC_Tx_Handler       0x800'2a65    0x72  Code  Gb  hw_ipcc.o [4]
HW_TS_Init               0x800'2e11    0xec  Code  Gb  hw_timerserver.o [1]
HW_TS_RTC_Int_AppNot     0x800'431d     0x2  Code  Wk  hw_timerserver.o [1]
HW_TS_RTC_Wakeup_Handler
                         0x800'2d59    0xac  Code  Gb  hw_timerserver.o [1]
HW_TS_Start              0x800'2fa5   0x13c  Code  Gb  hw_timerserver.o [1]
HW_TS_Stop               0x800'2f0b    0x74  Code  Gb  hw_timerserver.o [1]
HW_UART_DMA_Interrupt_Handler
                         0x800'465f     0xc  Code  Gb  hw_uart.o [1]
HW_UART_Init             0x800'45fb    0x2a  Code  Gb  hw_uart.o [1]
HW_UART_Interrupt_Handler
                         0x800'4653     0xc  Code  Gb  hw_uart.o [1]
HW_UART_Transmit_DMA     0x800'4625    0x2e  Code  Gb  hw_uart.o [1]
HW_hdma_huart1_tx       0x2000'22e0    0x60  Data  Gb  hw_uart.o [1]
HW_huart1TxCb           0x2000'24c4     0x4  Data  Gb  hw_uart.o [1]
HardFault_Handler        0x800'605b     0x2  Code  Gb  stm32wbxx_it.o [1]
HciAsynchEventQueue     0x2000'2460     0x8  Data  Lc  hci_tl.o [11]
HciCmdEventQueue        0x2000'23b4     0x8  Data  Lc  hci_tl.o [11]
I2C1_ER_IRQHandler       0x800'5fe9          Code  Wk  startup_stm32wb55xx_cm4.o [2]
I2C1_EV_IRQHandler       0x800'5fe5          Code  Wk  startup_stm32wb55xx_cm4.o [2]
I2C3_ER_IRQHandler       0x800'5ff1          Code  Wk  startup_stm32wb55xx_cm4.o [2]
I2C3_EV_IRQHandler       0x800'5fed          Code  Wk  startup_stm32wb55xx_cm4.o [2]
IPCC_C1_RX_IRQHandler    0x800'607b     0x4  Code  Gb  stm32wbxx_it.o [1]
IPCC_C1_TX_IRQHandler    0x800'6077     0x4  Code  Gb  stm32wbxx_it.o [1]
JumpSelectionOnPowerUp   0x800'5d81    0x32  Code  Lc  system_stm32wbxx.o [6]
LCD_IRQHandler           0x800'6025          Code  Wk  startup_stm32wb55xx_cm4.o [2]
LL_AHB1_GRP1_EnableClock
                         0x800'45e1     0x4  Code  Lc  hw_uart.o [1]
LL_AHB2_GRP1_EnableClock
                         0x800'3115     0x4  Code  Lc  app_debug.o [1]
LL_AHB2_GRP1_EnableClock
                         0x800'45e5     0x2  Code  Lc  hw_uart.o [1]
LL_AHB2_GRP1_EnableClock
                         0x800'3275    0x18  Code  Lc  stm32wbxx_nucleo.o [5]
LL_C1_IPCC_IsActiveFlag_CHx
                         0x800'29f1    0x10  Code  Lc  hw_ipcc.o [4]
LL_C2_AHB2_GRP1_EnableClock
                         0x800'3119     0x2  Code  Lc  app_debug.o [1]
LL_C2_IPCC_IsActiveFlag_CHx
                         0x800'2a01    0x10  Code  Lc  hw_ipcc.o [4]
LL_HSEM_1StepLock        0x800'116d    0x16  Code  Lc  flash_driver.o [1]
LL_RCC_MSI_GetRange      0x800'5c39    0x12  Code  Lc  stm32wbxx_hal_rcc.o [7]
LPTIM1_IRQHandler        0x800'601d          Code  Wk  startup_stm32wb55xx_cm4.o [2]
LPTIM2_IRQHandler        0x800'6021          Code  Wk  startup_stm32wb55xx_cm4.o [2]
LPUART1_IRQHandler       0x800'5ffd          Code  Wk  startup_stm32wb55xx_cm4.o [2]
LST_init_head            0x800'138d     0x6  Code  Gb  stm_list.o [12]
LST_insert_head          0x800'13a5    0x14  Code  Gb  stm_list.o [12]
LST_insert_tail          0x800'13b9    0x14  Code  Gb  stm_list.o [12]
LST_is_empty             0x800'1393    0x12  Code  Gb  stm_list.o [12]
LST_remove_head          0x800'13e5    0x10  Code  Gb  stm_list.o [12]
LST_remove_node          0x800'13cd    0x12  Code  Gb  stm_list.o [12]
LocalFreeBufQueue       0x2000'24a0     0x8  Data  Lc  tl_mbox.o [11]
MSIRangeTable            0x800'03a0    0x40  Data  Gb  system_stm32wbxx.o [6]
M_bd_addr                0x800'0698     0x8  Data  Lc  app_ble.o [3]
MaxWakeupTimerSetup     0x2000'247c     0x2  Data  Lc  hw_timerserver.o [1]
MemManage_Handler        0x800'5f65          Code  Wk  startup_stm32wb55xx_cm4.o [2]
MsgDbgTraceQueue        0x2000'101c    0x20  Data  Lc  dbg_trace.o [12]
MsgDbgTraceQueueBuff    0x2000'103c  0x1000  Data  Lc  dbg_trace.o [12]
NMI_Handler              0x800'6059     0x2  Code  Gb  stm32wbxx_it.o [1]
NotifyCmdStatus          0x800'0839    0x14  Code  Lc  hci_tl.o [11]
OTAS_APP_Context        0x2000'2428    0x18  Data  Gb  otas_app.o [3]
OTAS_Context            0x2000'2484     0xc  Data  Lc  otas_stm.o [8]
OTAS_Event_Handler       0x800'405d    0xa8  Code  Lc  otas_stm.o [8]
OTAS_STM_Init            0x800'4105    0x8c  Code  Gb  otas_stm.o [8]
OTAS_STM_Notification    0x800'4945   0x136  Code  Gb  otas_app.o [3]
OTAS_STM_UpdateChar      0x800'4191    0x18  Code  Gb  otas_stm.o [8]
OTAS_SVC_UUID            0x800'41b0    0x10  Data  Gb  otas_stm.o [8]
OTA_BASE_ADR_CHAR_UUID   0x800'41c0    0x10  Data  Gb  otas_stm.o [8]
OTA_CONF_CHAR_UUID       0x800'41d0    0x10  Data  Gb  otas_stm.o [8]
OTA_RAW_DATA_CHAR_UUID   0x800'41e0    0x10  Data  Gb  otas_stm.o [8]
OTP_Read                 0x800'12fd    0x28  Code  Gb  otp.o [12]
OffModeDisable          0x2000'249c     0x4  Data  Lc  stm32_lpm.o [13]
Osal_MemCpy              0x800'18c5     0xc  Code  Gb  osal.o [9]
Osal_MemSet              0x800'18d1    0x14  Code  Gb  osal.o [9]
PKA_IRQHandler           0x800'5fe1          Code  Wk  startup_stm32wb55xx_cm4.o [2]
PVD_PVM_IRQHandler       0x800'5f75          Code  Wk  startup_stm32wb55xx_cm4.o [2]
PWR_SOTF_BLEACT_802ACT_RFPHASE_IRQHandler
                         0x800'6015          Code  Wk  startup_stm32wb55xx_cm4.o [2]
PendSV_Handler           0x800'6061     0x2  Code  Gb  stm32wbxx_it.o [1]
PreviousRunningTimerID  0x2000'24b9     0x1  Data  Lc  hw_timerserver.o [1]
ProcessSingleFlashOperation
                         0x800'1259    0x98  Code  Lc  flash_driver.o [1]
QUADSPI_IRQHandler       0x800'6029          Code  Wk  startup_stm32wb55xx_cm4.o [2]
RCC_IRQHandler           0x800'5f81          Code  Wk  startup_stm32wb55xx_cm4.o [2]
RNG_IRQHandler           0x800'6035          Code  Wk  startup_stm32wb55xx_cm4.o [2]
RTC_Alarm_IRQHandler     0x800'600d          Code  Wk  startup_stm32wb55xx_cm4.o [2]
RTC_EnterInitMode        0x800'4903    0x36  Code  Gb  stm32wbxx_hal_rtc.o [7]
RTC_WKUP_IRQHandler      0x800'6073     0x4  Code  Gb  stm32wbxx_it.o [1]
ReadRtcSsrValue          0x800'2bd9    0x16  Code  Lc  hw_timerserver.o [1]
Region$$Table$$Base      0x800'6170           --   Gb  - Linker created -
Region$$Table$$Limit     0x800'61c0           --   Gb  - Linker created -
RescheduleTimerList      0x800'2c7b    0xde  Code  Lc  hw_timerserver.o [1]
Reset_Handler            0x800'5d35          Code  Wk  startup_stm32wb55xx_cm4.o [2]
ReturnTimeElapsed        0x800'2c45    0x36  Code  Lc  hw_timerserver.o [1]
SAI1_IRQHandler          0x800'6001          Code  Wk  startup_stm32wb55xx_cm4.o [2]
SEQ_BitPosition          0x800'0a6d    0x34  Code  Gb  stm32_seq.o [13]
SEQ_clz_table_4bit       0x800'0aa0    0x10  Data  Gb  stm32_seq.o [13]
SHCICmdStatus           0x2000'24cd     0x1  Data  Lc  shci_tl.o [11]
SHCI_C2_BLE_Init         0x800'0afd    0x10  Code  Gb  shci.o [10]
SHCI_C2_DEBUG_Init       0x800'0b0d    0x10  Code  Gb  shci.o [10]
SHCI_C2_FLASH_EraseActivity
                         0x800'0b1d     0xc  Code  Gb  shci.o [10]
SHCI_C2_FUS_FwUpgrade    0x800'0ac9    0x1c  Code  Gb  shci.o [10]
SHCI_C2_FUS_GetState     0x800'0ab1    0x18  Code  Gb  shci.o [10]
SHCI_C2_FUS_StartWs      0x800'0af1     0xc  Code  Gb  shci.o [10]
SHCI_C2_SetFlashActivityControl
                         0x800'0b4b     0xc  Code  Gb  shci.o [10]
SHCI_TL_UserEventFlow   0x2000'2468     0x1  Data  Gb  shci_tl.o [11]
SHciAsynchEventQueue    0x2000'2470     0x8  Data  Lc  shci_tl.o [11]
SPI1_IRQHandler          0x800'5ff5          Code  Wk  startup_stm32wb55xx_cm4.o [2]
SPI2_IRQHandler          0x800'5ff9          Code  Wk  startup_stm32wb55xx_cm4.o [2]
SSRValueOnLastSetup     0x2000'24bc     0x4  Data  Lc  hw_timerserver.o [1]
SVCCTL_App_Notification
                         0x800'05b1    0x10  Code  Gb  app_ble.o [3]
SVCCTL_CltHandler       0x2000'24cc     0x1  Data  Gb  svc_ctl.o [8]
SVCCTL_EvtHandler       0x2000'2404    0x20  Data  Gb  svc_ctl.o [8]
SVCCTL_Init              0x800'1145    0x10  Code  Gb  svc_ctl.o [8]
SVCCTL_InitCustomSvc     0x800'41f1     0x2  Code  Wk  svc_ctl.o [8]
SVCCTL_RegisterSvcHandler
                         0x800'1155    0x10  Code  Gb  svc_ctl.o [8]
SVCCTL_SvcInit           0x800'278f    0x4e  Code  Wk  svc_ctl.o [8]
SVCCTL_UserEvtRx         0x800'1325    0x54  Code  Wk  svc_ctl.o [8]
SVC_Handler              0x800'605d     0x2  Code  Gb  stm32wbxx_it.o [1]
SYS_CMD_IoBusCallBackFunction
                        0x2000'24b0     0x4  Data  Lc  tl_mbox.o [11]
SYS_EVT_IoBusCallBackFunction
                        0x2000'24b4     0x4  Data  Lc  tl_mbox.o [11]
SendFreeBuf              0x800'1565    0x22  Code  Lc  tl_mbox.o [11]
StatusNotCallBackFunction
                        0x2000'23b0     0x4  Data  Lc  hci_tl.o [11]
StatusNotCallBackFunction
                        0x2000'2400     0x4  Data  Lc  shci_tl.o [11]
StopModeDisable         0x2000'2498     0x4  Data  Lc  stm32_lpm.o [13]
SuperMask               0x2000'2054     0x4  Data  Lc  stm32_seq.o [13]
SynchPrescalerUserConfig
                        0x2000'247a     0x2  Data  Lc  hw_timerserver.o [1]
SysTick_Handler          0x800'6063     0x4  Code  Gb  stm32wbxx_it.o [1]
SystemCmdBuffer         0x2003'0578   0x10c  Data  Lc  app_entry.o [1]
SystemCoreClock         0x2000'2088     0x4  Data  Gb  system_stm32wbxx.o [6]
SystemEvtQueue          0x2003'0a60     0x8  Data  Lc  tl_mbox.o [11]
SystemInit               0x800'5db3    0xae  Code  Gb  system_stm32wbxx.o [6]
SystemSpareEvtBuffer    0x2003'0684   0x10c  Data  Lc  app_entry.o [1]
TAMP_STAMP_LSECSS_IRQHandler
                         0x800'5f79          Code  Wk  startup_stm32wb55xx_cm4.o [2]
TIM1_BRK_IRQHandler      0x800'5fcd          Code  Wk  startup_stm32wb55xx_cm4.o [2]
TIM1_CC_IRQHandler       0x800'5fd9          Code  Wk  startup_stm32wb55xx_cm4.o [2]
TIM1_TRG_COM_TIM17_IRQHandler
                         0x800'5fd5          Code  Wk  startup_stm32wb55xx_cm4.o [2]
TIM1_UP_TIM16_IRQHandler
                         0x800'5fd1          Code  Wk  startup_stm32wb55xx_cm4.o [2]
TIM2_IRQHandler          0x800'5fdd          Code  Wk  startup_stm32wb55xx_cm4.o [2]
TL_BLE_Init              0x800'144b    0x26  Code  Gb  tl_mbox.o [11]
TL_BLE_SendCmd           0x800'1471    0x16  Code  Gb  tl_mbox.o [11]
TL_BleLldTable          0x2003'0a00     0x8  Data  Lc  tl_mbox.o [11]
TL_BleTable             0x2003'09d8    0x10  Data  Lc  tl_mbox.o [11]
TL_DeviceInfoTable      0x2003'09b8    0x20  Data  Lc  tl_mbox.o [11]
TL_Enable                0x800'1409     0x4  Code  Gb  tl_mbox.o [11]
TL_Init                  0x800'140d    0x3e  Code  Gb  tl_mbox.o [11]
TL_LldTestsTable        0x2003'09f8     0x8  Data  Lc  tl_mbox.o [11]
TL_MM_EvtDone            0x800'154f    0x16  Code  Gb  tl_mbox.o [11]
TL_MM_Init               0x800'151d    0x32  Code  Gb  tl_mbox.o [11]
TL_Mac_802_15_4_Table   0x2003'0a30     0xc  Data  Lc  tl_mbox.o [11]
TL_MemManagerTable      0x2003'0a10    0x1c  Data  Lc  tl_mbox.o [11]
TL_RefTable             0x2003'0000    0x28  Data  Lc  tl_mbox.o [11]
TL_SYS_Init              0x800'14ab    0x1c  Code  Gb  tl_mbox.o [11]
TL_SYS_SendCmd           0x800'14d3    0x16  Code  Gb  tl_mbox.o [11]
TL_SysTable             0x2003'0a08     0x8  Data  Lc  tl_mbox.o [11]
TL_TRACES_Init           0x800'1587    0x18  Code  Gb  tl_mbox.o [11]
TL_ThreadTable          0x2003'09e8    0x10  Data  Lc  tl_mbox.o [11]
TL_TracesTable          0x2003'0a2c     0x4  Data  Lc  tl_mbox.o [11]
TL_Zigbee_Table         0x2003'0a3c     0xc  Data  Lc  tl_mbox.o [11]
TSC_IRQHandler           0x800'6005          Code  Wk  startup_stm32wb55xx_cm4.o [2]
TaskCb                  0x2000'2260    0x80  Data  Lc  stm32_seq.o [13]
TaskMask                0x2000'2050     0x4  Data  Lc  stm32_seq.o [13]
TaskPrio                0x2000'203c    0x10  Data  Lc  stm32_seq.o [13]
TaskSet                 0x2000'204c     0x4  Data  Lc  stm32_seq.o [13]
TlCmdEvtReceived         0x800'1895     0x6  Code  Lc  shci_tl.o [11]
TlEvtReceived            0x800'084d    0x34  Code  Lc  hci_tl.o [11]
TlUserEvtReceived        0x800'189d    0x1a  Code  Lc  shci_tl.o [11]
TracesEvtQueue          0x2003'0a50     0x8  Data  Lc  tl_mbox.o [11]
UARTPrescTable           0x800'54d4    0x18  Data  Gb  stm32wbxx_hal_uart.o [7]
UART_AdvFeatureConfig    0x800'54ed    0xc6  Code  Gb  stm32wbxx_hal_uart.o [7]
UART_CheckIdleState      0x800'55b3    0x62  Code  Gb  stm32wbxx_hal_uart.o [7]
UART_DMAAbortOnError     0x800'5821    0x12  Code  Lc  stm32wbxx_hal_uart.o [7]
UART_DMAError            0x800'57d1    0x4e  Code  Lc  stm32wbxx_hal_uart.o [7]
UART_DMATransmitCplt     0x800'5789    0x40  Code  Lc  stm32wbxx_hal_uart.o [7]
UART_DMATxHalfCplt       0x800'57c9     0x6  Code  Lc  stm32wbxx_hal_uart.o [7]
UART_EndRxTransfer       0x800'5713    0x28  Code  Lc  stm32wbxx_hal_uart.o [7]
UART_EndTxTransfer       0x800'56cf    0x16  Code  Lc  stm32wbxx_hal_uart.o [7]
UART_SetConfig           0x800'52e1   0x1f0  Code  Gb  stm32wbxx_hal_uart.o [7]
UART_WaitOnFlagUntilTimeout
                         0x800'5615    0x7e  Code  Gb  stm32wbxx_hal_uart.o [7]
USART1_IRQHandler        0x800'6067     0x6  Code  Gb  stm32wbxx_it.o [1]
USB_HP_IRQHandler        0x800'5fb9          Code  Wk  startup_stm32wb55xx_cm4.o [2]
USB_LP_IRQHandler        0x800'5fbd          Code  Wk  startup_stm32wb55xx_cm4.o [2]
UTIL_LPM_Init            0x800'088d     0xa  Code  Gb  stm32_lpm.o [13]
UTIL_LPM_SetOffMode      0x800'0897     0xe  Code  Gb  stm32_lpm.o [13]
UTIL_SEQ_EvtIdle         0x800'175d     0x8  Code  Gb  app_entry.o [1]
UTIL_SEQ_Idle            0x800'175b     0x2  Code  Gb  app_entry.o [1]
UTIL_SEQ_PauseTask       0x800'09e5    0x10  Code  Gb  stm32_seq.o [13]
UTIL_SEQ_PostIdle        0x800'1779     0x2  Code  Wk  stm32_seq.o [13]
UTIL_SEQ_RegTask         0x800'09ab    0x1a  Code  Gb  stm32_seq.o [13]
UTIL_SEQ_ResumeTask      0x800'09f5     0xc  Code  Gb  stm32_seq.o [13]
UTIL_SEQ_Run             0x800'08c9    0xe2  Code  Gb  stm32_seq.o [13]
UTIL_SEQ_SetEvt          0x800'0a09    0x10  Code  Gb  stm32_seq.o [13]
UTIL_SEQ_SetTask         0x800'09c5    0x20  Code  Gb  stm32_seq.o [13]
UTIL_SEQ_WaitEvt         0x800'0a19    0x4c  Code  Gb  stm32_seq.o [13]
UnlinkTimer              0x800'2bef    0x56  Code  Lc  hw_timerserver.o [1]
UsageFault_Handler       0x800'5f6d          Code  Wk  startup_stm32wb55xx_cm4.o [2]
UserEventFlow           0x2000'2458     0x1  Data  Gb  hci_tl.o [11]
WWDG_IRQHandler          0x800'5f71          Code  Wk  startup_stm32wb55xx_cm4.o [2]
WakeupTimerDivider      0x2000'2478     0x1  Data  Lc  hw_timerserver.o [1]
WakeupTimerLimitation   0x2000'24ba     0x1  Data  Lc  hw_timerserver.o [1]
_LC                      0x800'18e5     0x6  Code  Lc  xprintffull_nomb.o [14]
_LitobFullNoMb           0x800'25ad   0x114  Code  Lc  xprintffull_nomb.o [14]
_Locale_lconv           0x2000'20d4    0x38  Data  Lc  xlocale_c.o [14]
_PrintfFullNoMb          0x800'18eb   0xc92  Code  Gb  xprintffull_nomb.o [14]
_Prout                   0x800'607f    0x16  Code  Gb  xprout.o [14]
_PutcharsFullNoMb        0x800'2719    0x2e  Code  Lc  xprintffull_nomb.o [14]
__NVIC_SetPriority       0x800'4201    0x1a  Code  Lc  stm32wbxx_hal_cortex.o [7]
__NVIC_SystemReset       0x800'15e9    0x1a  Code  Lc  app_entry.o [1]
__aeabi_cdcmple          0x800'36c9          Code  Gb  DblCmpLe.o [15]
__aeabi_cdrcmple         0x800'36fd          Code  Gb  DblCmpGe.o [15]
__aeabi_d2iz             0x800'386d          Code  Gb  DblToS32.o [15]
__aeabi_d2uiz            0x800'3d61          Code  Gb  DblToU32.o [15]
__aeabi_ddiv             0x800'3b19          Code  Gb  DblDiv.o [15]
__aeabi_dmul             0x800'3da1          Code  Gb  DblMul.o [15]
__aeabi_dsub             0x800'3a35          Code  Gb  DblAddSub.o [15]
__aeabi_i2d              0x800'38a5          Code  Gb  S32ToDbl.o [15]
__aeabi_ldiv0            0x800'4941          Code  Gb  I64DivZer.o [16]
__aeabi_memclr4          0x800'4419          Code  Gb  ABImemclr4.o [16]
__aeabi_ui2d             0x800'3d85          Code  Gb  U32ToDbl.o [15]
__cmain                  0x800'5ec9          Code  Gb  cmain.o [16]
__exit                   0x800'5c25    0x14  Code  Gb  exit.o [17]
__iar_Fail_s             0x800'3589    0x1c  Code  Gb  xfail_s.o [14]
__iar_Memchr             0x800'3601          Code  Gb  memchr.o [16]
__iar_Memset4_word       0x800'4e85          Code  Gb  ABImemset48.o [16]
__iar_Memset8_word       0x800'4e85          Code  Gb  ABImemset48.o [16]
__iar_Stdout            0x2000'208c    0x48  Data  Gb  xfiles.o [14]
__iar_Strchr             0x800'3571          Code  Gb  strchr.o [16]
__iar_data_init3         0x800'5ee9    0x28  Code  Gb  data_init.o [16]
__iar_frexp              0x800'3665          Code  Gb  frexp.o [15]
__iar_frexpl             0x800'3665          Code  Gb  frexp.o [15]
__iar_init_vfp           0x800'5ea5          Code  Gb  fpinit_M.o [15]
__iar_ldexp64            0x800'3731          Code  Gb  ldexp.o [15]
__iar_packbits_init3     0x800'60cd    0xa2  Code  Gb  packbits_init.o [16]
__iar_program_start      0x800'5e89          Code  Gb  cstartup_M.o [16]
__iar_scalbln64          0x800'3731          Code  Gb  ldexp.o [15]
__iar_scalbn64           0x800'3731          Code  Gb  ldexp.o [15]
__iar_small_Memcpy       0x800'06cd          Code  Gb  ABImemcpy_small.o [16]
__iar_small_Memset       0x800'355d          Code  Gb  ABImemset_small.o [16]
__iar_small_Memset_word
                         0x800'355d          Code  Gb  ABImemset_small.o [16]
__iar_small_memcpy       0x800'06c9          Code  Gb  ABImemcpy_small.o [16]
__iar_small_memcpy4      0x800'06c9          Code  Gb  ABImemcpy_small.o [16]
__iar_small_memcpy8      0x800'06c9          Code  Gb  ABImemcpy_small.o [16]
__iar_small_memset       0x800'355d          Code  Gb  ABImemset_small.o [16]
__iar_small_uldivmod     0x800'3f55          Code  Gb  I64DivMod_small.o [16]
__iar_softfp___iar_frexp64
                         0x800'3659          Code  Gb  frexp.o [15]
__iar_softfp_frexp       0x800'3659          Code  Gb  frexp.o [15]
__iar_softfp_frexpl      0x800'3659          Code  Gb  frexp.o [15]
__iar_zero_init3         0x800'6095    0x38  Code  Gb  zero_init3.o [16]
__vector_table           0x800'0000          Data  Gb  startup_stm32wb55xx_cm4.o [2]
__write                  0x800'43bd     0x2  Code  Gb  dbg_trace.o [12]
_call_main               0x800'5ed5          Code  Gb  cmain.o [16]
_exit                    0x800'5f15          Code  Gb  cexit.o [16]
aGpioConfigList          0x800'0200   0x130  Data  Lc  app_debug.o [1]
aTimerContext           0x2000'21d0    0x90  Data  Lc  hw_timerserver.o [1]
abort                    0x800'4939     0x6  Code  Gb  abort.o [14]
aci_gap_init             0x800'0fe3    0x54  Code  Gb  ble_gap_aci.o [9]
aci_gap_set_authentication_requirement
                         0x800'0f85    0x52  Code  Gb  ble_gap_aci.o [9]
aci_gap_set_discoverable
                         0x800'0ebb    0x60  Code  Gb  ble_gap_aci.o [9]
aci_gap_set_io_capability
                         0x800'0f5d    0x28  Code  Gb  ble_gap_aci.o [9]
aci_gap_update_adv_data
                         0x800'1041    0x2c  Code  Gb  ble_gap_aci.o [9]
aci_gatt_add_char        0x800'0d1d    0xac  Code  Gb  ble_gatt_aci.o [9]
aci_gatt_add_service     0x800'0c81    0x80  Code  Gb  ble_gatt_aci.o [9]
aci_gatt_init            0x800'0c59    0x28  Code  Gb  ble_gatt_aci.o [9]
aci_gatt_update_char_value
                         0x800'0dd3    0x46  Code  Gb  ble_gatt_aci.o [9]
aci_gatt_write_resp      0x800'0e3f    0x4a  Code  Gb  ble_gatt_aci.o [9]
aci_hal_set_tx_power_level
                         0x800'0bf7    0x1c  Code  Gb  ble_hal_aci.o [9]
aci_hal_write_config_data
                         0x800'0baf    0x48  Code  Gb  ble_hal_aci.o [9]
bd_addr_udn             0x2000'2490     0x8  Data  Lc  app_ble.o [3]
exit                     0x800'5f11     0x4  Code  Gb  exit.o [14]
hciContext              0x2000'2390    0x20  Data  Lc  hci_tl.o [11]
hci_cmd_resp_release     0x800'0659     0x6  Code  Gb  app_ble.o [3]
hci_cmd_resp_wait        0x800'065f     0x6  Code  Gb  app_ble.o [3]
hci_init                 0x800'06e1    0x3e  Code  Gb  hci_tl.o [11]
hci_notify_asynch_evt    0x800'0651     0x8  Code  Gb  app_ble.o [3]
hci_register_io_bus      0x800'1379    0x14  Code  Gb  hci_tl_if.o [11]
hci_reset                0x800'0b57    0x24  Code  Gb  ble_hci_le.o [9]
hci_send_req             0x800'0787    0xb2  Code  Gb  hci_tl.o [11]
hci_user_evt_proc        0x800'071f    0x68  Code  Gb  hci_tl.o [11]
hrtc                    0x2000'23bc    0x24  Data  Gb  main.o [1]
huart1                  0x2000'213c    0x94  Data  Gb  hw_uart.o [1]
ldexp                    0x800'3731          Code  Gb  ldexp.o [15]
ldexpl                   0x800'3731          Code  Gb  ldexp.o [15]
local_name               0x800'06c0     0x8  Data  Lc  app_ble.o [3]
localeconv               0x800'3f4d     0x4  Code  Gb  xlocale_c.o [14]
main                     0x800'340d    0xee  Code  Gb  main.o [1]
manuf_data              0x2000'1008    0x10  Data  Gb  app_ble.o [3]
memchr                   0x800'3601          Code  Gb  memchr.o [16]
memset                   0x800'4791    0x14  Code  Gb  memset.o [16]
obuf                    0x2000'2340    0x50  Data  Lc  xfiles.o [14]
pCmdBuffer              0x2000'245c     0x4  Data  Lc  hci_tl.o [11]
pCmdBuffer              0x2000'246c     0x4  Data  Lc  shci_tl.o [11]
pFlash                  0x2000'2440    0x18  Data  Gb  stm32wbxx_hal_flash.o [7]
phrtc                   0x2000'2480     0x4  Data  Lc  hw_timerserver.o [1]
printf                   0x800'111d    0x28  Code  Gb  printf.o [14]
putchar                  0x800'5f21    0x44  Code  Gb  putchar.o [14]
scalbln                  0x800'3731          Code  Gb  ldexp.o [15]
scalblnl                 0x800'3731          Code  Gb  ldexp.o [15]
scalbn                   0x800'3731          Code  Gb  ldexp.o [15]
scalbnl                  0x800'3731          Code  Gb  ldexp.o [15]
scale                    0x800'26c1    0x46  Code  Lc  xprintffull_nomb.o [14]
sec_hand                0x2000'24c8     0x4  Data  Lc  xfail_s.o [14]
shciContext             0x2000'23e0    0x20  Data  Lc  shci_tl.o [11]
shci_cmd_resp_release    0x800'176d     0x6  Code  Gb  app_entry.o [1]
shci_cmd_resp_wait       0x800'1773     0x6  Code  Gb  app_entry.o [1]
shci_init                0x800'177d    0x42  Code  Gb  shci_tl.o [11]
shci_notify_asynch_evt   0x800'1765     0x8  Code  Gb  app_entry.o [1]
shci_register_io_bus     0x800'3549    0x14  Code  Gb  shci_tl_if.o [11]
shci_send                0x800'1827    0x4c  Code  Gb  shci_tl.o [11]
shci_user_evt_proc       0x800'17bf    0x68  Code  Gb  shci_tl.o [11]
strchr                   0x800'3571          Code  Gb  strchr.o [16]
strlen                   0x800'35c9          Code  Gb  strlen.o [16]
uwTick                  0x2000'2068     0x4  Data  Gb  stm32wbxx_hal.o [7]
uwTickFreq              0x2000'2064     0x1  Data  Gb  stm32wbxx_hal.o [7]
uwTickPrio              0x2000'206c     0x4  Data  Gb  stm32wbxx_hal.o [7]


[1] = C:\Users\hskang2\Downloads\en.stm32cubewb-1-15-0\STM32Cube_FW_WB_V1.15.0\Projects\P-NUCLEO-WB55.Nucleo\Applications\BLE\BLE_Ota\EWARM\BLE_Ota\Obj\Application\Core
[2] = C:\Users\hskang2\Downloads\en.stm32cubewb-1-15-0\STM32Cube_FW_WB_V1.15.0\Projects\P-NUCLEO-WB55.Nucleo\Applications\BLE\BLE_Ota\EWARM\BLE_Ota\Obj\Application\EWARM
[3] = C:\Users\hskang2\Downloads\en.stm32cubewb-1-15-0\STM32Cube_FW_WB_V1.15.0\Projects\P-NUCLEO-WB55.Nucleo\Applications\BLE\BLE_Ota\EWARM\BLE_Ota\Obj\Application\STM32_WPAN\app
[4] = C:\Users\hskang2\Downloads\en.stm32cubewb-1-15-0\STM32Cube_FW_WB_V1.15.0\Projects\P-NUCLEO-WB55.Nucleo\Applications\BLE\BLE_Ota\EWARM\BLE_Ota\Obj\Application\STM32_WPAN\target
[5] = C:\Users\hskang2\Downloads\en.stm32cubewb-1-15-0\STM32Cube_FW_WB_V1.15.0\Projects\P-NUCLEO-WB55.Nucleo\Applications\BLE\BLE_Ota\EWARM\BLE_Ota\Obj\Drivers\BSP\P-NUCLEO-WB55.Nucleo
[6] = C:\Users\hskang2\Downloads\en.stm32cubewb-1-15-0\STM32Cube_FW_WB_V1.15.0\Projects\P-NUCLEO-WB55.Nucleo\Applications\BLE\BLE_Ota\EWARM\BLE_Ota\Obj\Drivers\CMSIS
[7] = C:\Users\hskang2\Downloads\en.stm32cubewb-1-15-0\STM32Cube_FW_WB_V1.15.0\Projects\P-NUCLEO-WB55.Nucleo\Applications\BLE\BLE_Ota\EWARM\BLE_Ota\Obj\Drivers\STM32WBxx_HAL_Driver
[8] = C:\Users\hskang2\Downloads\en.stm32cubewb-1-15-0\STM32Cube_FW_WB_V1.15.0\Projects\P-NUCLEO-WB55.Nucleo\Applications\BLE\BLE_Ota\EWARM\BLE_Ota\Obj\Middlewares\STM32_WPAN\ble\blesvc
[9] = C:\Users\hskang2\Downloads\en.stm32cubewb-1-15-0\STM32Cube_FW_WB_V1.15.0\Projects\P-NUCLEO-WB55.Nucleo\Applications\BLE\BLE_Ota\EWARM\BLE_Ota\Obj\Middlewares\STM32_WPAN\ble\core
[10] = C:\Users\hskang2\Downloads\en.stm32cubewb-1-15-0\STM32Cube_FW_WB_V1.15.0\Projects\P-NUCLEO-WB55.Nucleo\Applications\BLE\BLE_Ota\EWARM\BLE_Ota\Obj\Middlewares\STM32_WPAN\interface\patterns\ble_thread\shci
[11] = C:\Users\hskang2\Downloads\en.stm32cubewb-1-15-0\STM32Cube_FW_WB_V1.15.0\Projects\P-NUCLEO-WB55.Nucleo\Applications\BLE\BLE_Ota\EWARM\BLE_Ota\Obj\Middlewares\STM32_WPAN\interface\patterns\ble_thread\tl
[12] = C:\Users\hskang2\Downloads\en.stm32cubewb-1-15-0\STM32Cube_FW_WB_V1.15.0\Projects\P-NUCLEO-WB55.Nucleo\Applications\BLE\BLE_Ota\EWARM\BLE_Ota\Obj\Middlewares\STM32_WPAN\utilities
[13] = C:\Users\hskang2\Downloads\en.stm32cubewb-1-15-0\STM32Cube_FW_WB_V1.15.0\Projects\P-NUCLEO-WB55.Nucleo\Applications\BLE\BLE_Ota\EWARM\BLE_Ota\Obj\Utilities
[14] = dl7M_tlf.a
[15] = m7M_tls.a
[16] = rt7M_tl.a
[17] = shb_l.a

  24'231 bytes of readonly  code memory
      48 bytes of readwrite code memory
   1'047 bytes of readonly  data memory
  12'030 bytes of readwrite data memory

Errors: none
Warnings: none
